{
  port: '5000',
  environment: 'development',
  timestamp: '2026-03-06 12:38:00',
  level: 'info',
  message: 'Servidor iniciado'
}
{
  message: '::1 - - [06/Mar/2026:17:39:56 +0000] "POST /api/auth/register HTTP/1.1" 400 238 "http://localhost:5173/register" "Mozilla/5.0 (Windows NT 10.0; Win64; x64) AppleWebKit/537.36 (KHTML, like Gecko) Chrome/145.0.0.0 Safari/537.36"',
  level: 'http',
  timestamp: '2026-03-06 12:39:56'
}
{
  message: '::1 - - [06/Mar/2026:17:40:10 +0000] "POST /api/auth/register HTTP/1.1" 400 238 "http://localhost:5173/register" "Mozilla/5.0 (Windows NT 10.0; Win64; x64) AppleWebKit/537.36 (KHTML, like Gecko) Chrome/145.0.0.0 Safari/537.36"',
  level: 'http',
  timestamp: '2026-03-06 12:40:10'
}
{
  message: '::1 - - [06/Mar/2026:17:40:13 +0000] "POST /api/auth/register HTTP/1.1" 400 238 "http://localhost:5173/register" "Mozilla/5.0 (Windows NT 10.0; Win64; x64) AppleWebKit/537.36 (KHTML, like Gecko) Chrome/145.0.0.0 Safari/537.36"',
  level: 'http',
  timestamp: '2026-03-06 12:40:13'
}
{
  action: 'USER_REGISTERED',
  userId: 1,
  timestamp: '2026-03-06 12:41:59',
  email: 'jeyson.miranda11@hotmail.com',
  name: 'jeyson',
  ip: '::1',
  userAgent: 'Mozilla/5.0 (Windows NT 10.0; Win64; x64) AppleWebKit/537.36 (KHTML, like Gecko) Chrome/145.0.0.0 Safari/537.36',
  level: 'info',
  message: 'User Action'
}
{
  message: '::1 - - [06/Mar/2026:17:41:59 +0000] "POST /api/auth/register HTTP/1.1" 201 397 "http://localhost:5173/register" "Mozilla/5.0 (Windows NT 10.0; Win64; x64) AppleWebKit/537.36 (KHTML, like Gecko) Chrome/145.0.0.0 Safari/537.36"',
  level: 'http',
  timestamp: '2026-03-06 12:41:59'
}
{
  message: '::1 - - [06/Mar/2026:17:42:00 +0000] "GET /api/transacciones?limit=5 HTTP/1.1" 200 66 "http://localhost:5173/dashboard" "Mozilla/5.0 (Windows NT 10.0; Win64; x64) AppleWebKit/537.36 (KHTML, like Gecko) Chrome/145.0.0.0 Safari/537.36"',
  level: 'http',
  timestamp: '2026-03-06 12:42:00'
}
{
  message: '::1 - - [06/Mar/2026:17:42:00 +0000] "GET /api/transacciones?limit=5 HTTP/1.1" 304 - "http://localhost:5173/dashboard" "Mozilla/5.0 (Windows NT 10.0; Win64; x64) AppleWebKit/537.36 (KHTML, like Gecko) Chrome/145.0.0.0 Safari/537.36"',
  level: 'http',
  timestamp: '2026-03-06 12:42:00'
}
{
  message: '::1 - - [06/Mar/2026:17:42:00 +0000] "GET /api/transacciones/resumen HTTP/1.1" 500 117 "http://localhost:5173/dashboard" "Mozilla/5.0 (Windows NT 10.0; Win64; x64) AppleWebKit/537.36 (KHTML, like Gecko) Chrome/145.0.0.0 Safari/537.36"',
  level: 'http',
  timestamp: '2026-03-06 12:42:00'
}
{
  message: '::1 - - [06/Mar/2026:17:42:00 +0000] "GET /api/transacciones/resumen HTTP/1.1" 500 117 "http://localhost:5173/dashboard" "Mozilla/5.0 (Windows NT 10.0; Win64; x64) AppleWebKit/537.36 (KHTML, like Gecko) Chrome/145.0.0.0 Safari/537.36"',
  level: 'http',
  timestamp: '2026-03-06 12:42:00'
}
{
  message: '::1 - - [06/Mar/2026:17:42:02 +0000] "GET /api/transacciones?tipo=&fechaInicio=&fechaFin= HTTP/1.1" 400 436 "http://localhost:5173/transacciones" "Mozilla/5.0 (Windows NT 10.0; Win64; x64) AppleWebKit/537.36 (KHTML, like Gecko) Chrome/145.0.0.0 Safari/537.36"',
  level: 'http',
  timestamp: '2026-03-06 12:42:02'
}
{
  message: '::1 - - [06/Mar/2026:17:42:02 +0000] "GET /api/transacciones?tipo=&fechaInicio=&fechaFin= HTTP/1.1" 400 436 "http://localhost:5173/transacciones" "Mozilla/5.0 (Windows NT 10.0; Win64; x64) AppleWebKit/537.36 (KHTML, like Gecko) Chrome/145.0.0.0 Safari/537.36"',
  level: 'http',
  timestamp: '2026-03-06 12:42:02'
}
{
  message: '::1 - - [06/Mar/2026:17:42:07 +0000] "GET /api/transacciones/resumen HTTP/1.1" 500 117 "http://localhost:5173/dashboard" "Mozilla/5.0 (Windows NT 10.0; Win64; x64) AppleWebKit/537.36 (KHTML, like Gecko) Chrome/145.0.0.0 Safari/537.36"',
  level: 'http',
  timestamp: '2026-03-06 12:42:07'
}
{
  message: '::1 - - [06/Mar/2026:17:42:07 +0000] "GET /api/transacciones?limit=5 HTTP/1.1" 304 - "http://localhost:5173/dashboard" "Mozilla/5.0 (Windows NT 10.0; Win64; x64) AppleWebKit/537.36 (KHTML, like Gecko) Chrome/145.0.0.0 Safari/537.36"',
  level: 'http',
  timestamp: '2026-03-06 12:42:07'
}
{
  message: '::1 - - [06/Mar/2026:17:42:07 +0000] "GET /api/transacciones/resumen HTTP/1.1" 500 117 "http://localhost:5173/dashboard" "Mozilla/5.0 (Windows NT 10.0; Win64; x64) AppleWebKit/537.36 (KHTML, like Gecko) Chrome/145.0.0.0 Safari/537.36"',
  level: 'http',
  timestamp: '2026-03-06 12:42:07'
}
{
  message: '::1 - - [06/Mar/2026:17:42:07 +0000] "GET /api/transacciones?limit=5 HTTP/1.1" 304 - "http://localhost:5173/dashboard" "Mozilla/5.0 (Windows NT 10.0; Win64; x64) AppleWebKit/537.36 (KHTML, like Gecko) Chrome/145.0.0.0 Safari/537.36"',
  level: 'http',
  timestamp: '2026-03-06 12:42:07'
}
{
  message: '::1 - - [06/Mar/2026:17:42:10 +0000] "GET /api/transacciones?tipo=&fechaInicio=&fechaFin= HTTP/1.1" 400 436 "http://localhost:5173/transacciones" "Mozilla/5.0 (Windows NT 10.0; Win64; x64) AppleWebKit/537.36 (KHTML, like Gecko) Chrome/145.0.0.0 Safari/537.36"',
  level: 'http',
  timestamp: '2026-03-06 12:42:10'
}
{
  message: '::1 - - [06/Mar/2026:17:42:10 +0000] "GET /api/transacciones?tipo=&fechaInicio=&fechaFin= HTTP/1.1" 400 436 "http://localhost:5173/transacciones" "Mozilla/5.0 (Windows NT 10.0; Win64; x64) AppleWebKit/537.36 (KHTML, like Gecko) Chrome/145.0.0.0 Safari/537.36"',
  level: 'http',
  timestamp: '2026-03-06 12:42:10'
}
{
  message: '::1 - - [06/Mar/2026:17:43:16 +0000] "GET /api/auth/me HTTP/1.1" 200 312 "http://localhost:5173/transacciones" "Mozilla/5.0 (Windows NT 10.0; Win64; x64) AppleWebKit/537.36 (KHTML, like Gecko) Chrome/145.0.0.0 Safari/537.36"',
  level: 'http',
  timestamp: '2026-03-06 12:43:16'
}
{
  message: '::1 - - [06/Mar/2026:17:43:16 +0000] "GET /api/auth/me HTTP/1.1" 304 - "http://localhost:5173/transacciones" "Mozilla/5.0 (Windows NT 10.0; Win64; x64) AppleWebKit/537.36 (KHTML, like Gecko) Chrome/145.0.0.0 Safari/537.36"',
  level: 'http',
  timestamp: '2026-03-06 12:43:16'
}
{
  message: '::1 - - [06/Mar/2026:17:43:16 +0000] "GET /api/transacciones?tipo=&fechaInicio=&fechaFin= HTTP/1.1" 400 436 "http://localhost:5173/transacciones" "Mozilla/5.0 (Windows NT 10.0; Win64; x64) AppleWebKit/537.36 (KHTML, like Gecko) Chrome/145.0.0.0 Safari/537.36"',
  level: 'http',
  timestamp: '2026-03-06 12:43:16'
}
{
  message: '::1 - - [06/Mar/2026:17:43:16 +0000] "GET /api/transacciones?tipo=&fechaInicio=&fechaFin= HTTP/1.1" 400 436 "http://localhost:5173/transacciones" "Mozilla/5.0 (Windows NT 10.0; Win64; x64) AppleWebKit/537.36 (KHTML, like Gecko) Chrome/145.0.0.0 Safari/537.36"',
  level: 'http',
  timestamp: '2026-03-06 12:43:16'
}
{
  port: '5000',
  environment: 'development',
  timestamp: '2026-03-06 12:44:04',
  level: 'info',
  message: 'Servidor iniciado'
}
{
  message: '::1 - - [06/Mar/2026:17:44:12 +0000] "GET /api/auth/me HTTP/1.1" 304 - "http://localhost:5173/transacciones" "Mozilla/5.0 (Windows NT 10.0; Win64; x64) AppleWebKit/537.36 (KHTML, like Gecko) Chrome/145.0.0.0 Safari/537.36"',
  level: 'http',
  timestamp: '2026-03-06 12:44:12'
}
{
  message: '::1 - - [06/Mar/2026:17:44:12 +0000] "GET /api/auth/me HTTP/1.1" 304 - "http://localhost:5173/transacciones" "Mozilla/5.0 (Windows NT 10.0; Win64; x64) AppleWebKit/537.36 (KHTML, like Gecko) Chrome/145.0.0.0 Safari/537.36"',
  level: 'http',
  timestamp: '2026-03-06 12:44:12'
}
{
  message: '::1 - - [06/Mar/2026:17:44:12 +0000] "GET /api/transacciones?tipo=&fechaInicio=&fechaFin= HTTP/1.1" 200 66 "http://localhost:5173/transacciones" "Mozilla/5.0 (Windows NT 10.0; Win64; x64) AppleWebKit/537.36 (KHTML, like Gecko) Chrome/145.0.0.0 Safari/537.36"',
  level: 'http',
  timestamp: '2026-03-06 12:44:12'
}
{
  message: '::1 - - [06/Mar/2026:17:44:12 +0000] "GET /api/transacciones?tipo=&fechaInicio=&fechaFin= HTTP/1.1" 304 - "http://localhost:5173/transacciones" "Mozilla/5.0 (Windows NT 10.0; Win64; x64) AppleWebKit/537.36 (KHTML, like Gecko) Chrome/145.0.0.0 Safari/537.36"',
  level: 'http',
  timestamp: '2026-03-06 12:44:12'
}
{
  port: '5000',
  environment: 'development',
  timestamp: '2026-03-06 12:44:27',
  level: 'info',
  message: 'Servidor iniciado'
}
{
  message: '::1 - - [06/Mar/2026:17:44:30 +0000] "GET /api/auth/me HTTP/1.1" 304 - "http://localhost:5173/transacciones" "Mozilla/5.0 (Windows NT 10.0; Win64; x64) AppleWebKit/537.36 (KHTML, like Gecko) Chrome/145.0.0.0 Safari/537.36"',
  level: 'http',
  timestamp: '2026-03-06 12:44:30'
}
{
  message: '::1 - - [06/Mar/2026:17:44:30 +0000] "GET /api/auth/me HTTP/1.1" 304 - "http://localhost:5173/transacciones" "Mozilla/5.0 (Windows NT 10.0; Win64; x64) AppleWebKit/537.36 (KHTML, like Gecko) Chrome/145.0.0.0 Safari/537.36"',
  level: 'http',
  timestamp: '2026-03-06 12:44:30'
}
{
  message: '::1 - - [06/Mar/2026:17:44:30 +0000] "GET /api/transacciones?tipo=&fechaInicio=&fechaFin= HTTP/1.1" 304 - "http://localhost:5173/transacciones" "Mozilla/5.0 (Windows NT 10.0; Win64; x64) AppleWebKit/537.36 (KHTML, like Gecko) Chrome/145.0.0.0 Safari/537.36"',
  level: 'http',
  timestamp: '2026-03-06 12:44:30'
}
{
  message: '::1 - - [06/Mar/2026:17:44:30 +0000] "GET /api/transacciones?tipo=&fechaInicio=&fechaFin= HTTP/1.1" 304 - "http://localhost:5173/transacciones" "Mozilla/5.0 (Windows NT 10.0; Win64; x64) AppleWebKit/537.36 (KHTML, like Gecko) Chrome/145.0.0.0 Safari/537.36"',
  level: 'http',
  timestamp: '2026-03-06 12:44:30'
}
{
  port: '5000',
  environment: 'development',
  timestamp: '2026-03-06 12:45:05',
  level: 'info',
  message: 'Servidor iniciado'
}
{
  port: '5000',
  environment: 'development',
  timestamp: '2026-03-06 12:45:09',
  level: 'info',
  message: 'Servidor iniciado'
}
{
  message: '::1 - - [06/Mar/2026:17:45:22 +0000] "GET /api/transacciones?tipo=INGRESO&fechaInicio=&fechaFin= HTTP/1.1" 200 66 "http://localhost:5173/transacciones" "Mozilla/5.0 (Windows NT 10.0; Win64; x64) AppleWebKit/537.36 (KHTML, like Gecko) Chrome/145.0.0.0 Safari/537.36"',
  level: 'http',
  timestamp: '2026-03-06 12:45:22'
}
{
  message: '::1 - - [06/Mar/2026:17:45:23 +0000] "GET /api/transacciones?tipo=GASTO&fechaInicio=&fechaFin= HTTP/1.1" 200 66 "http://localhost:5173/transacciones" "Mozilla/5.0 (Windows NT 10.0; Win64; x64) AppleWebKit/537.36 (KHTML, like Gecko) Chrome/145.0.0.0 Safari/537.36"',
  level: 'http',
  timestamp: '2026-03-06 12:45:23'
}
{
  message: '::1 - - [06/Mar/2026:17:45:27 +0000] "GET /api/transacciones/resumen HTTP/1.1" 500 117 "http://localhost:5173/dashboard" "Mozilla/5.0 (Windows NT 10.0; Win64; x64) AppleWebKit/537.36 (KHTML, like Gecko) Chrome/145.0.0.0 Safari/537.36"',
  level: 'http',
  timestamp: '2026-03-06 12:45:27'
}
{
  message: '::1 - - [06/Mar/2026:17:45:27 +0000] "GET /api/transacciones?limit=5 HTTP/1.1" 304 - "http://localhost:5173/dashboard" "Mozilla/5.0 (Windows NT 10.0; Win64; x64) AppleWebKit/537.36 (KHTML, like Gecko) Chrome/145.0.0.0 Safari/537.36"',
  level: 'http',
  timestamp: '2026-03-06 12:45:27'
}
{
  message: '::1 - - [06/Mar/2026:17:45:27 +0000] "GET /api/transacciones/resumen HTTP/1.1" 500 117 "http://localhost:5173/dashboard" "Mozilla/5.0 (Windows NT 10.0; Win64; x64) AppleWebKit/537.36 (KHTML, like Gecko) Chrome/145.0.0.0 Safari/537.36"',
  level: 'http',
  timestamp: '2026-03-06 12:45:27'
}
{
  message: '::1 - - [06/Mar/2026:17:45:27 +0000] "GET /api/transacciones?limit=5 HTTP/1.1" 304 - "http://localhost:5173/dashboard" "Mozilla/5.0 (Windows NT 10.0; Win64; x64) AppleWebKit/537.36 (KHTML, like Gecko) Chrome/145.0.0.0 Safari/537.36"',
  level: 'http',
  timestamp: '2026-03-06 12:45:27'
}
{
  message: '::1 - - [06/Mar/2026:17:45:27 +0000] "GET /api/transacciones?tipo=&fechaInicio=&fechaFin= HTTP/1.1" 304 - "http://localhost:5173/transacciones" "Mozilla/5.0 (Windows NT 10.0; Win64; x64) AppleWebKit/537.36 (KHTML, like Gecko) Chrome/145.0.0.0 Safari/537.36"',
  level: 'http',
  timestamp: '2026-03-06 12:45:27'
}
{
  message: '::1 - - [06/Mar/2026:17:45:27 +0000] "GET /api/transacciones?tipo=&fechaInicio=&fechaFin= HTTP/1.1" 304 - "http://localhost:5173/transacciones" "Mozilla/5.0 (Windows NT 10.0; Win64; x64) AppleWebKit/537.36 (KHTML, like Gecko) Chrome/145.0.0.0 Safari/537.36"',
  level: 'http',
  timestamp: '2026-03-06 12:45:27'
}
{
  message: '::1 - - [06/Mar/2026:17:45:28 +0000] "GET /api/transacciones/resumen HTTP/1.1" 500 117 "http://localhost:5173/dashboard" "Mozilla/5.0 (Windows NT 10.0; Win64; x64) AppleWebKit/537.36 (KHTML, like Gecko) Chrome/145.0.0.0 Safari/537.36"',
  level: 'http',
  timestamp: '2026-03-06 12:45:28'
}
{
  message: '::1 - - [06/Mar/2026:17:45:28 +0000] "GET /api/transacciones?limit=5 HTTP/1.1" 304 - "http://localhost:5173/dashboard" "Mozilla/5.0 (Windows NT 10.0; Win64; x64) AppleWebKit/537.36 (KHTML, like Gecko) Chrome/145.0.0.0 Safari/537.36"',
  level: 'http',
  timestamp: '2026-03-06 12:45:28'
}
{
  message: '::1 - - [06/Mar/2026:17:45:28 +0000] "GET /api/transacciones/resumen HTTP/1.1" 500 117 "http://localhost:5173/dashboard" "Mozilla/5.0 (Windows NT 10.0; Win64; x64) AppleWebKit/537.36 (KHTML, like Gecko) Chrome/145.0.0.0 Safari/537.36"',
  level: 'http',
  timestamp: '2026-03-06 12:45:28'
}
{
  message: '::1 - - [06/Mar/2026:17:45:28 +0000] "GET /api/transacciones?limit=5 HTTP/1.1" 304 - "http://localhost:5173/dashboard" "Mozilla/5.0 (Windows NT 10.0; Win64; x64) AppleWebKit/537.36 (KHTML, like Gecko) Chrome/145.0.0.0 Safari/537.36"',
  level: 'http',
  timestamp: '2026-03-06 12:45:28'
}
{
  message: '::1 - - [06/Mar/2026:17:45:28 +0000] "GET /api/transacciones?tipo=&fechaInicio=&fechaFin= HTTP/1.1" 304 - "http://localhost:5173/transacciones" "Mozilla/5.0 (Windows NT 10.0; Win64; x64) AppleWebKit/537.36 (KHTML, like Gecko) Chrome/145.0.0.0 Safari/537.36"',
  level: 'http',
  timestamp: '2026-03-06 12:45:28'
}
{
  message: '::1 - - [06/Mar/2026:17:45:28 +0000] "GET /api/transacciones?tipo=&fechaInicio=&fechaFin= HTTP/1.1" 304 - "http://localhost:5173/transacciones" "Mozilla/5.0 (Windows NT 10.0; Win64; x64) AppleWebKit/537.36 (KHTML, like Gecko) Chrome/145.0.0.0 Safari/537.36"',
  level: 'http',
  timestamp: '2026-03-06 12:45:28'
}
{
  message: '::1 - - [06/Mar/2026:17:45:28 +0000] "GET /api/transacciones/resumen HTTP/1.1" 500 117 "http://localhost:5173/dashboard" "Mozilla/5.0 (Windows NT 10.0; Win64; x64) AppleWebKit/537.36 (KHTML, like Gecko) Chrome/145.0.0.0 Safari/537.36"',
  level: 'http',
  timestamp: '2026-03-06 12:45:28'
}
{
  message: '::1 - - [06/Mar/2026:17:45:28 +0000] "GET /api/transacciones?limit=5 HTTP/1.1" 304 - "http://localhost:5173/dashboard" "Mozilla/5.0 (Windows NT 10.0; Win64; x64) AppleWebKit/537.36 (KHTML, like Gecko) Chrome/145.0.0.0 Safari/537.36"',
  level: 'http',
  timestamp: '2026-03-06 12:45:28'
}
{
  message: '::1 - - [06/Mar/2026:17:45:28 +0000] "GET /api/transacciones?limit=5 HTTP/1.1" 304 - "http://localhost:5173/dashboard" "Mozilla/5.0 (Windows NT 10.0; Win64; x64) AppleWebKit/537.36 (KHTML, like Gecko) Chrome/145.0.0.0 Safari/537.36"',
  level: 'http',
  timestamp: '2026-03-06 12:45:28'
}
{
  message: '::1 - - [06/Mar/2026:17:45:28 +0000] "GET /api/transacciones/resumen HTTP/1.1" 500 117 "http://localhost:5173/dashboard" "Mozilla/5.0 (Windows NT 10.0; Win64; x64) AppleWebKit/537.36 (KHTML, like Gecko) Chrome/145.0.0.0 Safari/537.36"',
  level: 'http',
  timestamp: '2026-03-06 12:45:29'
}
{
  message: '::1 - - [06/Mar/2026:17:45:31 +0000] "GET /api/transacciones?tipo=&fechaInicio=&fechaFin= HTTP/1.1" 304 - "http://localhost:5173/transacciones" "Mozilla/5.0 (Windows NT 10.0; Win64; x64) AppleWebKit/537.36 (KHTML, like Gecko) Chrome/145.0.0.0 Safari/537.36"',
  level: 'http',
  timestamp: '2026-03-06 12:45:31'
}
{
  message: '::1 - - [06/Mar/2026:17:45:31 +0000] "GET /api/transacciones?tipo=&fechaInicio=&fechaFin= HTTP/1.1" 304 - "http://localhost:5173/transacciones" "Mozilla/5.0 (Windows NT 10.0; Win64; x64) AppleWebKit/537.36 (KHTML, like Gecko) Chrome/145.0.0.0 Safari/537.36"',
  level: 'http',
  timestamp: '2026-03-06 12:45:31'
}
{
  message: '::1 - - [06/Mar/2026:17:45:42 +0000] "GET /api/transacciones?tipo=&fechaInicio=&fechaFin= HTTP/1.1" 304 - "http://localhost:5173/transacciones" "Mozilla/5.0 (Windows NT 10.0; Win64; x64) AppleWebKit/537.36 (KHTML, like Gecko) Chrome/145.0.0.0 Safari/537.36"',
  level: 'http',
  timestamp: '2026-03-06 12:45:42'
}
{
  message: '::1 - - [06/Mar/2026:17:45:42 +0000] "GET /api/transacciones?tipo=&fechaInicio=&fechaFin= HTTP/1.1" 304 - "http://localhost:5173/transacciones" "Mozilla/5.0 (Windows NT 10.0; Win64; x64) AppleWebKit/537.36 (KHTML, like Gecko) Chrome/145.0.0.0 Safari/537.36"',
  level: 'http',
  timestamp: '2026-03-06 12:45:42'
}
{
  port: '5000',
  environment: 'development',
  timestamp: '2026-03-06 12:45:43',
  level: 'info',
  message: 'Servidor iniciado'
}
{
  port: '5000',
  environment: 'development',
  timestamp: '2026-03-06 12:45:43',
  level: 'info',
  message: 'Servidor iniciado'
}
{
  port: '5000',
  environment: 'development',
  timestamp: '2026-03-06 12:45:54',
  level: 'info',
  message: 'Servidor iniciado'
}
{
  port: '5000',
  environment: 'development',
  timestamp: '2026-03-06 12:45:54',
  level: 'info',
  message: 'Servidor iniciado'
}
{
  port: '5000',
  environment: 'development',
  timestamp: '2026-03-06 12:46:03',
  level: 'info',
  message: 'Servidor iniciado'
}
{
  port: '5000',
  environment: 'development',
  timestamp: '2026-03-06 12:46:03',
  level: 'info',
  message: 'Servidor iniciado'
}
{
  message: '::1 - - [06/Mar/2026:17:46:07 +0000] "GET /api/auth/me HTTP/1.1" 304 - "http://localhost:5173/dashboard" "Mozilla/5.0 (Windows NT 10.0; Win64; x64) AppleWebKit/537.36 (KHTML, like Gecko) Chrome/145.0.0.0 Safari/537.36"',
  level: 'http',
  timestamp: '2026-03-06 12:46:07'
}
{
  message: '::1 - - [06/Mar/2026:17:46:07 +0000] "GET /api/auth/me HTTP/1.1" 304 - "http://localhost:5173/dashboard" "Mozilla/5.0 (Windows NT 10.0; Win64; x64) AppleWebKit/537.36 (KHTML, like Gecko) Chrome/145.0.0.0 Safari/537.36"',
  level: 'http',
  timestamp: '2026-03-06 12:46:07'
}
{
  message: '::1 - - [06/Mar/2026:17:46:07 +0000] "GET /api/transacciones/resumen HTTP/1.1" 500 117 "http://localhost:5173/dashboard" "Mozilla/5.0 (Windows NT 10.0; Win64; x64) AppleWebKit/537.36 (KHTML, like Gecko) Chrome/145.0.0.0 Safari/537.36"',
  level: 'http',
  timestamp: '2026-03-06 12:46:07'
}
{
  message: '::1 - - [06/Mar/2026:17:46:07 +0000] "GET /api/transacciones?limit=5 HTTP/1.1" 200 152 "http://localhost:5173/dashboard" "Mozilla/5.0 (Windows NT 10.0; Win64; x64) AppleWebKit/537.36 (KHTML, like Gecko) Chrome/145.0.0.0 Safari/537.36"',
  level: 'http',
  timestamp: '2026-03-06 12:46:07'
}
{
  message: '::1 - - [06/Mar/2026:17:46:07 +0000] "GET /api/transacciones/resumen HTTP/1.1" 500 117 "http://localhost:5173/dashboard" "Mozilla/5.0 (Windows NT 10.0; Win64; x64) AppleWebKit/537.36 (KHTML, like Gecko) Chrome/145.0.0.0 Safari/537.36"',
  level: 'http',
  timestamp: '2026-03-06 12:46:07'
}
{
  message: '::1 - - [06/Mar/2026:17:46:07 +0000] "GET /api/transacciones?limit=5 HTTP/1.1" 304 - "http://localhost:5173/dashboard" "Mozilla/5.0 (Windows NT 10.0; Win64; x64) AppleWebKit/537.36 (KHTML, like Gecko) Chrome/145.0.0.0 Safari/537.36"',
  level: 'http',
  timestamp: '2026-03-06 12:46:07'
}
{
  message: '::1 - - [06/Mar/2026:17:46:07 +0000] "GET /api/transacciones?tipo=&fechaInicio=&fechaFin= HTTP/1.1" 200 153 "http://localhost:5173/transacciones" "Mozilla/5.0 (Windows NT 10.0; Win64; x64) AppleWebKit/537.36 (KHTML, like Gecko) Chrome/145.0.0.0 Safari/537.36"',
  level: 'http',
  timestamp: '2026-03-06 12:46:07'
}
{
  message: '::1 - - [06/Mar/2026:17:46:07 +0000] "GET /api/transacciones?tipo=&fechaInicio=&fechaFin= HTTP/1.1" 304 - "http://localhost:5173/transacciones" "Mozilla/5.0 (Windows NT 10.0; Win64; x64) AppleWebKit/537.36 (KHTML, like Gecko) Chrome/145.0.0.0 Safari/537.36"',
  level: 'http',
  timestamp: '2026-03-06 12:46:07'
}
{
  message: '::1 - - [06/Mar/2026:17:46:32 +0000] "GET /api/transacciones HTTP/1.1" 200 153 "http://localhost:5173/transacciones" "Mozilla/5.0 (Windows NT 10.0; Win64; x64) AppleWebKit/537.36 (KHTML, like Gecko) Chrome/145.0.0.0 Safari/537.36"',
  level: 'http',
  timestamp: '2026-03-06 12:46:32'
}
{
  message: '::1 - - [06/Mar/2026:17:46:46 +0000] "GET /api/auth/me HTTP/1.1" 304 - "http://localhost:5173/transacciones" "Mozilla/5.0 (Windows NT 10.0; Win64; x64) AppleWebKit/537.36 (KHTML, like Gecko) Chrome/145.0.0.0 Safari/537.36"',
  level: 'http',
  timestamp: '2026-03-06 12:46:46'
}
{
  message: '::1 - - [06/Mar/2026:17:46:46 +0000] "GET /api/auth/me HTTP/1.1" 304 - "http://localhost:5173/transacciones" "Mozilla/5.0 (Windows NT 10.0; Win64; x64) AppleWebKit/537.36 (KHTML, like Gecko) Chrome/145.0.0.0 Safari/537.36"',
  level: 'http',
  timestamp: '2026-03-06 12:46:46'
}
{
  message: '::1 - - [06/Mar/2026:17:46:46 +0000] "GET /api/transacciones HTTP/1.1" 304 - "http://localhost:5173/transacciones" "Mozilla/5.0 (Windows NT 10.0; Win64; x64) AppleWebKit/537.36 (KHTML, like Gecko) Chrome/145.0.0.0 Safari/537.36"',
  level: 'http',
  timestamp: '2026-03-06 12:46:46'
}
{
  message: '::1 - - [06/Mar/2026:17:46:46 +0000] "GET /api/transacciones HTTP/1.1" 304 - "http://localhost:5173/transacciones" "Mozilla/5.0 (Windows NT 10.0; Win64; x64) AppleWebKit/537.36 (KHTML, like Gecko) Chrome/145.0.0.0 Safari/537.36"',
  level: 'http',
  timestamp: '2026-03-06 12:46:46'
}
{
  message: '::1 - - [06/Mar/2026:17:46:47 +0000] "GET /api/auth/me HTTP/1.1" 304 - "http://localhost:5173/transacciones" "Mozilla/5.0 (Windows NT 10.0; Win64; x64) AppleWebKit/537.36 (KHTML, like Gecko) Chrome/145.0.0.0 Safari/537.36"',
  level: 'http',
  timestamp: '2026-03-06 12:46:47'
}
{
  message: '::1 - - [06/Mar/2026:17:46:47 +0000] "GET /api/auth/me HTTP/1.1" 304 - "http://localhost:5173/transacciones" "Mozilla/5.0 (Windows NT 10.0; Win64; x64) AppleWebKit/537.36 (KHTML, like Gecko) Chrome/145.0.0.0 Safari/537.36"',
  level: 'http',
  timestamp: '2026-03-06 12:46:47'
}
{
  message: '::1 - - [06/Mar/2026:17:46:47 +0000] "GET /api/transacciones HTTP/1.1" 304 - "http://localhost:5173/transacciones" "Mozilla/5.0 (Windows NT 10.0; Win64; x64) AppleWebKit/537.36 (KHTML, like Gecko) Chrome/145.0.0.0 Safari/537.36"',
  level: 'http',
  timestamp: '2026-03-06 12:46:47'
}
{
  message: '::1 - - [06/Mar/2026:17:46:47 +0000] "GET /api/transacciones HTTP/1.1" 304 - "http://localhost:5173/transacciones" "Mozilla/5.0 (Windows NT 10.0; Win64; x64) AppleWebKit/537.36 (KHTML, like Gecko) Chrome/145.0.0.0 Safari/537.36"',
  level: 'http',
  timestamp: '2026-03-06 12:46:47'
}
{
  message: '::1 - - [06/Mar/2026:17:46:48 +0000] "GET /api/auth/me HTTP/1.1" 304 - "http://localhost:5173/transacciones" "Mozilla/5.0 (Windows NT 10.0; Win64; x64) AppleWebKit/537.36 (KHTML, like Gecko) Chrome/145.0.0.0 Safari/537.36"',
  level: 'http',
  timestamp: '2026-03-06 12:46:48'
}
{
  message: '::1 - - [06/Mar/2026:17:46:48 +0000] "GET /api/auth/me HTTP/1.1" 304 - "http://localhost:5173/transacciones" "Mozilla/5.0 (Windows NT 10.0; Win64; x64) AppleWebKit/537.36 (KHTML, like Gecko) Chrome/145.0.0.0 Safari/537.36"',
  level: 'http',
  timestamp: '2026-03-06 12:46:48'
}
{
  message: '::1 - - [06/Mar/2026:17:46:48 +0000] "GET /api/transacciones HTTP/1.1" 304 - "http://localhost:5173/transacciones" "Mozilla/5.0 (Windows NT 10.0; Win64; x64) AppleWebKit/537.36 (KHTML, like Gecko) Chrome/145.0.0.0 Safari/537.36"',
  level: 'http',
  timestamp: '2026-03-06 12:46:48'
}
{
  message: '::1 - - [06/Mar/2026:17:46:48 +0000] "GET /api/transacciones HTTP/1.1" 304 - "http://localhost:5173/transacciones" "Mozilla/5.0 (Windows NT 10.0; Win64; x64) AppleWebKit/537.36 (KHTML, like Gecko) Chrome/145.0.0.0 Safari/537.36"',
  level: 'http',
  timestamp: '2026-03-06 12:46:48'
}
{
  message: '::1 - - [06/Mar/2026:17:47:14 +0000] "GET /api/transacciones HTTP/1.1" 304 - "http://localhost:5173/transacciones" "Mozilla/5.0 (Windows NT 10.0; Win64; x64) AppleWebKit/537.36 (KHTML, like Gecko) Chrome/145.0.0.0 Safari/537.36"',
  level: 'http',
  timestamp: '2026-03-06 12:47:14'
}
{
  message: '::1 - - [06/Mar/2026:17:47:14 +0000] "GET /api/transacciones HTTP/1.1" 304 - "http://localhost:5173/transacciones" "Mozilla/5.0 (Windows NT 10.0; Win64; x64) AppleWebKit/537.36 (KHTML, like Gecko) Chrome/145.0.0.0 Safari/537.36"',
  level: 'http',
  timestamp: '2026-03-06 12:47:14'
}
{
  message: '::1 - - [06/Mar/2026:17:47:15 +0000] "GET /api/transacciones/resumen HTTP/1.1" 500 117 "http://localhost:5173/dashboard" "Mozilla/5.0 (Windows NT 10.0; Win64; x64) AppleWebKit/537.36 (KHTML, like Gecko) Chrome/145.0.0.0 Safari/537.36"',
  level: 'http',
  timestamp: '2026-03-06 12:47:15'
}
{
  message: '::1 - - [06/Mar/2026:17:47:15 +0000] "GET /api/transacciones?limit=5 HTTP/1.1" 304 - "http://localhost:5173/dashboard" "Mozilla/5.0 (Windows NT 10.0; Win64; x64) AppleWebKit/537.36 (KHTML, like Gecko) Chrome/145.0.0.0 Safari/537.36"',
  level: 'http',
  timestamp: '2026-03-06 12:47:15'
}
{
  message: '::1 - - [06/Mar/2026:17:47:15 +0000] "GET /api/transacciones/resumen HTTP/1.1" 500 117 "http://localhost:5173/dashboard" "Mozilla/5.0 (Windows NT 10.0; Win64; x64) AppleWebKit/537.36 (KHTML, like Gecko) Chrome/145.0.0.0 Safari/537.36"',
  level: 'http',
  timestamp: '2026-03-06 12:47:15'
}
{
  message: '::1 - - [06/Mar/2026:17:47:15 +0000] "GET /api/transacciones?limit=5 HTTP/1.1" 304 - "http://localhost:5173/dashboard" "Mozilla/5.0 (Windows NT 10.0; Win64; x64) AppleWebKit/537.36 (KHTML, like Gecko) Chrome/145.0.0.0 Safari/537.36"',
  level: 'http',
  timestamp: '2026-03-06 12:47:15'
}
{
  message: '::1 - - [06/Mar/2026:17:47:16 +0000] "GET /api/transacciones HTTP/1.1" 304 - "http://localhost:5173/transacciones" "Mozilla/5.0 (Windows NT 10.0; Win64; x64) AppleWebKit/537.36 (KHTML, like Gecko) Chrome/145.0.0.0 Safari/537.36"',
  level: 'http',
  timestamp: '2026-03-06 12:47:16'
}
{
  message: '::1 - - [06/Mar/2026:17:47:16 +0000] "GET /api/transacciones HTTP/1.1" 304 - "http://localhost:5173/transacciones" "Mozilla/5.0 (Windows NT 10.0; Win64; x64) AppleWebKit/537.36 (KHTML, like Gecko) Chrome/145.0.0.0 Safari/537.36"',
  level: 'http',
  timestamp: '2026-03-06 12:47:16'
}
{
  port: '5000',
  environment: 'development',
  timestamp: '2026-03-06 12:47:18',
  level: 'info',
  message: 'Servidor iniciado'
}
{
  port: '5000',
  environment: 'development',
  timestamp: '2026-03-06 12:47:19',
  level: 'info',
  message: 'Servidor iniciado'
}
{
  message: '::1 - - [06/Mar/2026:17:47:19 +0000] "GET /api/transacciones/resumen HTTP/1.1" 200 88 "http://localhost:5173/dashboard" "Mozilla/5.0 (Windows NT 10.0; Win64; x64) AppleWebKit/537.36 (KHTML, like Gecko) Chrome/145.0.0.0 Safari/537.36"',
  level: 'http',
  timestamp: '2026-03-06 12:47:19'
}
{
  message: '::1 - - [06/Mar/2026:17:47:19 +0000] "GET /api/transacciones/resumen HTTP/1.1" 304 - "http://localhost:5173/dashboard" "Mozilla/5.0 (Windows NT 10.0; Win64; x64) AppleWebKit/537.36 (KHTML, like Gecko) Chrome/145.0.0.0 Safari/537.36"',
  level: 'http',
  timestamp: '2026-03-06 12:47:19'
}
{
  message: '::1 - - [06/Mar/2026:17:47:19 +0000] "GET /api/transacciones?limit=5 HTTP/1.1" 304 - "http://localhost:5173/dashboard" "Mozilla/5.0 (Windows NT 10.0; Win64; x64) AppleWebKit/537.36 (KHTML, like Gecko) Chrome/145.0.0.0 Safari/537.36"',
  level: 'http',
  timestamp: '2026-03-06 12:47:19'
}
{
  message: '::1 - - [06/Mar/2026:17:47:19 +0000] "GET /api/transacciones?limit=5 HTTP/1.1" 304 - "http://localhost:5173/dashboard" "Mozilla/5.0 (Windows NT 10.0; Win64; x64) AppleWebKit/537.36 (KHTML, like Gecko) Chrome/145.0.0.0 Safari/537.36"',
  level: 'http',
  timestamp: '2026-03-06 12:47:19'
}
{
  message: '::1 - - [06/Mar/2026:17:47:20 +0000] "GET /api/transacciones HTTP/1.1" 304 - "http://localhost:5173/transacciones" "Mozilla/5.0 (Windows NT 10.0; Win64; x64) AppleWebKit/537.36 (KHTML, like Gecko) Chrome/145.0.0.0 Safari/537.36"',
  level: 'http',
  timestamp: '2026-03-06 12:47:20'
}
{
  message: '::1 - - [06/Mar/2026:17:47:20 +0000] "GET /api/transacciones HTTP/1.1" 304 - "http://localhost:5173/transacciones" "Mozilla/5.0 (Windows NT 10.0; Win64; x64) AppleWebKit/537.36 (KHTML, like Gecko) Chrome/145.0.0.0 Safari/537.36"',
  level: 'http',
  timestamp: '2026-03-06 12:47:20'
}
{
  message: '::1 - - [06/Mar/2026:17:47:21 +0000] "GET /api/transacciones/resumen HTTP/1.1" 304 - "http://localhost:5173/dashboard" "Mozilla/5.0 (Windows NT 10.0; Win64; x64) AppleWebKit/537.36 (KHTML, like Gecko) Chrome/145.0.0.0 Safari/537.36"',
  level: 'http',
  timestamp: '2026-03-06 12:47:21'
}
{
  message: '::1 - - [06/Mar/2026:17:47:21 +0000] "GET /api/transacciones?limit=5 HTTP/1.1" 304 - "http://localhost:5173/dashboard" "Mozilla/5.0 (Windows NT 10.0; Win64; x64) AppleWebKit/537.36 (KHTML, like Gecko) Chrome/145.0.0.0 Safari/537.36"',
  level: 'http',
  timestamp: '2026-03-06 12:47:21'
}
{
  message: '::1 - - [06/Mar/2026:17:47:21 +0000] "GET /api/transacciones/resumen HTTP/1.1" 304 - "http://localhost:5173/dashboard" "Mozilla/5.0 (Windows NT 10.0; Win64; x64) AppleWebKit/537.36 (KHTML, like Gecko) Chrome/145.0.0.0 Safari/537.36"',
  level: 'http',
  timestamp: '2026-03-06 12:47:21'
}
{
  message: '::1 - - [06/Mar/2026:17:47:21 +0000] "GET /api/transacciones?limit=5 HTTP/1.1" 304 - "http://localhost:5173/dashboard" "Mozilla/5.0 (Windows NT 10.0; Win64; x64) AppleWebKit/537.36 (KHTML, like Gecko) Chrome/145.0.0.0 Safari/537.36"',
  level: 'http',
  timestamp: '2026-03-06 12:47:21'
}
{
  message: '::1 - - [06/Mar/2026:17:47:29 +0000] "GET /api/auth/me HTTP/1.1" 304 - "http://localhost:5173/dashboard" "Mozilla/5.0 (Windows NT 10.0; Win64; x64) AppleWebKit/537.36 (KHTML, like Gecko) Chrome/145.0.0.0 Safari/537.36"',
  level: 'http',
  timestamp: '2026-03-06 12:47:29'
}
{
  message: '::1 - - [06/Mar/2026:17:47:29 +0000] "GET /api/auth/me HTTP/1.1" 304 - "http://localhost:5173/dashboard" "Mozilla/5.0 (Windows NT 10.0; Win64; x64) AppleWebKit/537.36 (KHTML, like Gecko) Chrome/145.0.0.0 Safari/537.36"',
  level: 'http',
  timestamp: '2026-03-06 12:47:29'
}
{
  message: '::1 - - [06/Mar/2026:17:47:29 +0000] "GET /api/transacciones/resumen HTTP/1.1" 304 - "http://localhost:5173/dashboard" "Mozilla/5.0 (Windows NT 10.0; Win64; x64) AppleWebKit/537.36 (KHTML, like Gecko) Chrome/145.0.0.0 Safari/537.36"',
  level: 'http',
  timestamp: '2026-03-06 12:47:29'
}
{
  message: '::1 - - [06/Mar/2026:17:47:29 +0000] "GET /api/transacciones?limit=5 HTTP/1.1" 304 - "http://localhost:5173/dashboard" "Mozilla/5.0 (Windows NT 10.0; Win64; x64) AppleWebKit/537.36 (KHTML, like Gecko) Chrome/145.0.0.0 Safari/537.36"',
  level: 'http',
  timestamp: '2026-03-06 12:47:29'
}
{
  message: '::1 - - [06/Mar/2026:17:47:29 +0000] "GET /api/transacciones/resumen HTTP/1.1" 304 - "http://localhost:5173/dashboard" "Mozilla/5.0 (Windows NT 10.0; Win64; x64) AppleWebKit/537.36 (KHTML, like Gecko) Chrome/145.0.0.0 Safari/537.36"',
  level: 'http',
  timestamp: '2026-03-06 12:47:29'
}
{
  message: '::1 - - [06/Mar/2026:17:47:29 +0000] "GET /api/transacciones?limit=5 HTTP/1.1" 304 - "http://localhost:5173/dashboard" "Mozilla/5.0 (Windows NT 10.0; Win64; x64) AppleWebKit/537.36 (KHTML, like Gecko) Chrome/145.0.0.0 Safari/537.36"',
  level: 'http',
  timestamp: '2026-03-06 12:47:29'
}
{
  message: '::1 - - [06/Mar/2026:17:47:30 +0000] "GET /api/transacciones HTTP/1.1" 304 - "http://localhost:5173/transacciones" "Mozilla/5.0 (Windows NT 10.0; Win64; x64) AppleWebKit/537.36 (KHTML, like Gecko) Chrome/145.0.0.0 Safari/537.36"',
  level: 'http',
  timestamp: '2026-03-06 12:47:30'
}
{
  message: '::1 - - [06/Mar/2026:17:47:30 +0000] "GET /api/transacciones HTTP/1.1" 304 - "http://localhost:5173/transacciones" "Mozilla/5.0 (Windows NT 10.0; Win64; x64) AppleWebKit/537.36 (KHTML, like Gecko) Chrome/145.0.0.0 Safari/537.36"',
  level: 'http',
  timestamp: '2026-03-06 12:47:30'
}
{
  message: '::1 - - [06/Mar/2026:17:47:40 +0000] "GET /api/auth/me HTTP/1.1" 304 - "http://localhost:5173/transacciones" "Mozilla/5.0 (Windows NT 10.0; Win64; x64) AppleWebKit/537.36 (KHTML, like Gecko) Chrome/145.0.0.0 Safari/537.36"',
  level: 'http',
  timestamp: '2026-03-06 12:47:40'
}
{
  message: '::1 - - [06/Mar/2026:17:47:40 +0000] "GET /api/auth/me HTTP/1.1" 304 - "http://localhost:5173/transacciones" "Mozilla/5.0 (Windows NT 10.0; Win64; x64) AppleWebKit/537.36 (KHTML, like Gecko) Chrome/145.0.0.0 Safari/537.36"',
  level: 'http',
  timestamp: '2026-03-06 12:47:40'
}
{
  message: '::1 - - [06/Mar/2026:17:47:40 +0000] "GET /api/transacciones HTTP/1.1" 304 - "http://localhost:5173/transacciones" "Mozilla/5.0 (Windows NT 10.0; Win64; x64) AppleWebKit/537.36 (KHTML, like Gecko) Chrome/145.0.0.0 Safari/537.36"',
  level: 'http',
  timestamp: '2026-03-06 12:47:40'
}
{
  message: '::1 - - [06/Mar/2026:17:47:40 +0000] "GET /api/transacciones HTTP/1.1" 304 - "http://localhost:5173/transacciones" "Mozilla/5.0 (Windows NT 10.0; Win64; x64) AppleWebKit/537.36 (KHTML, like Gecko) Chrome/145.0.0.0 Safari/537.36"',
  level: 'http',
  timestamp: '2026-03-06 12:47:40'
}
{
  message: '::1 - - [06/Mar/2026:17:47:54 +0000] "GET /api/auth/me HTTP/1.1" 304 - "http://localhost:5173/transacciones" "Mozilla/5.0 (Windows NT 10.0; Win64; x64) AppleWebKit/537.36 (KHTML, like Gecko) Chrome/145.0.0.0 Safari/537.36"',
  level: 'http',
  timestamp: '2026-03-06 12:47:54'
}
{
  message: '::1 - - [06/Mar/2026:17:47:54 +0000] "GET /api/auth/me HTTP/1.1" 304 - "http://localhost:5173/transacciones" "Mozilla/5.0 (Windows NT 10.0; Win64; x64) AppleWebKit/537.36 (KHTML, like Gecko) Chrome/145.0.0.0 Safari/537.36"',
  level: 'http',
  timestamp: '2026-03-06 12:47:54'
}
{
  message: '::1 - - [06/Mar/2026:17:47:54 +0000] "GET /api/transacciones HTTP/1.1" 304 - "http://localhost:5173/transacciones" "Mozilla/5.0 (Windows NT 10.0; Win64; x64) AppleWebKit/537.36 (KHTML, like Gecko) Chrome/145.0.0.0 Safari/537.36"',
  level: 'http',
  timestamp: '2026-03-06 12:47:54'
}
{
  message: '::1 - - [06/Mar/2026:17:47:54 +0000] "GET /api/transacciones HTTP/1.1" 304 - "http://localhost:5173/transacciones" "Mozilla/5.0 (Windows NT 10.0; Win64; x64) AppleWebKit/537.36 (KHTML, like Gecko) Chrome/145.0.0.0 Safari/537.36"',
  level: 'http',
  timestamp: '2026-03-06 12:47:54'
}
{
  port: '5000',
  environment: 'development',
  timestamp: '2026-03-06 12:48:21',
  level: 'info',
  message: 'Servidor iniciado'
}
{
  message: '::1 - - [06/Mar/2026:17:48:40 +0000] "GET /api/auth/me HTTP/1.1" 304 - "http://localhost:5173/transacciones" "Mozilla/5.0 (Windows NT 10.0; Win64; x64) AppleWebKit/537.36 (KHTML, like Gecko) Chrome/145.0.0.0 Safari/537.36"',
  level: 'http',
  timestamp: '2026-03-06 12:48:40'
}
{
  message: '::1 - - [06/Mar/2026:17:48:40 +0000] "GET /api/auth/me HTTP/1.1" 304 - "http://localhost:5173/transacciones" "Mozilla/5.0 (Windows NT 10.0; Win64; x64) AppleWebKit/537.36 (KHTML, like Gecko) Chrome/145.0.0.0 Safari/537.36"',
  level: 'http',
  timestamp: '2026-03-06 12:48:40'
}
{
  message: '::1 - - [06/Mar/2026:17:48:40 +0000] "GET /api/transacciones HTTP/1.1" 304 - "http://localhost:5173/transacciones" "Mozilla/5.0 (Windows NT 10.0; Win64; x64) AppleWebKit/537.36 (KHTML, like Gecko) Chrome/145.0.0.0 Safari/537.36"',
  level: 'http',
  timestamp: '2026-03-06 12:48:40'
}
{
  message: '::1 - - [06/Mar/2026:17:48:40 +0000] "GET /api/transacciones HTTP/1.1" 304 - "http://localhost:5173/transacciones" "Mozilla/5.0 (Windows NT 10.0; Win64; x64) AppleWebKit/537.36 (KHTML, like Gecko) Chrome/145.0.0.0 Safari/537.36"',
  level: 'http',
  timestamp: '2026-03-06 12:48:40'
}
{
  message: '::1 - - [06/Mar/2026:17:50:08 +0000] "GET /api/auth/me HTTP/1.1" 304 - "http://localhost:5173/transacciones" "Mozilla/5.0 (Windows NT 10.0; Win64; x64) AppleWebKit/537.36 (KHTML, like Gecko) Chrome/145.0.0.0 Safari/537.36"',
  level: 'http',
  timestamp: '2026-03-06 12:50:08'
}
{
  message: '::1 - - [06/Mar/2026:17:50:08 +0000] "GET /api/auth/me HTTP/1.1" 304 - "http://localhost:5173/transacciones" "Mozilla/5.0 (Windows NT 10.0; Win64; x64) AppleWebKit/537.36 (KHTML, like Gecko) Chrome/145.0.0.0 Safari/537.36"',
  level: 'http',
  timestamp: '2026-03-06 12:50:08'
}
{
  message: '::1 - - [06/Mar/2026:17:50:08 +0000] "GET /api/transacciones HTTP/1.1" 304 - "http://localhost:5173/transacciones" "Mozilla/5.0 (Windows NT 10.0; Win64; x64) AppleWebKit/537.36 (KHTML, like Gecko) Chrome/145.0.0.0 Safari/537.36"',
  level: 'http',
  timestamp: '2026-03-06 12:50:08'
}
{
  message: '::1 - - [06/Mar/2026:17:50:08 +0000] "GET /api/transacciones HTTP/1.1" 304 - "http://localhost:5173/transacciones" "Mozilla/5.0 (Windows NT 10.0; Win64; x64) AppleWebKit/537.36 (KHTML, like Gecko) Chrome/145.0.0.0 Safari/537.36"',
  level: 'http',
  timestamp: '2026-03-06 12:50:08'
}
{
  message: '::1 - - [06/Mar/2026:17:50:14 +0000] "GET /api/transacciones HTTP/1.1" 304 - "http://localhost:5173/transacciones" "Mozilla/5.0 (Windows NT 10.0; Win64; x64) AppleWebKit/537.36 (KHTML, like Gecko) Chrome/145.0.0.0 Safari/537.36"',
  level: 'http',
  timestamp: '2026-03-06 12:50:14'
}
{
  port: '5000',
  environment: 'development',
  timestamp: '2026-03-06 12:50:15',
  level: 'info',
  message: 'Servidor iniciado'
}
{
  port: '5000',
  environment: 'development',
  timestamp: '2026-03-06 12:50:15',
  level: 'info',
  message: 'Servidor iniciado'
}
{
  port: '5000',
  environment: 'development',
  timestamp: '2026-03-06 12:50:15',
  level: 'info',
  message: 'Servidor iniciado'
}
{
  message: '::1 - - [06/Mar/2026:17:51:37 +0000] "GET /api/auth/me HTTP/1.1" 304 - "http://localhost:5173/transacciones" "Mozilla/5.0 (Windows NT 10.0; Win64; x64) AppleWebKit/537.36 (KHTML, like Gecko) Chrome/145.0.0.0 Safari/537.36"',
  level: 'http',
  timestamp: '2026-03-06 12:51:37'
}
{
  message: '::1 - - [06/Mar/2026:17:51:37 +0000] "GET /api/auth/me HTTP/1.1" 304 - "http://localhost:5173/transacciones" "Mozilla/5.0 (Windows NT 10.0; Win64; x64) AppleWebKit/537.36 (KHTML, like Gecko) Chrome/145.0.0.0 Safari/537.36"',
  level: 'http',
  timestamp: '2026-03-06 12:51:37'
}
{
  message: '::1 - - [06/Mar/2026:17:51:37 +0000] "GET /api/transacciones HTTP/1.1" 304 - "http://localhost:5173/transacciones" "Mozilla/5.0 (Windows NT 10.0; Win64; x64) AppleWebKit/537.36 (KHTML, like Gecko) Chrome/145.0.0.0 Safari/537.36"',
  level: 'http',
  timestamp: '2026-03-06 12:51:37'
}
{
  message: '::1 - - [06/Mar/2026:17:51:37 +0000] "GET /api/transacciones HTTP/1.1" 304 - "http://localhost:5173/transacciones" "Mozilla/5.0 (Windows NT 10.0; Win64; x64) AppleWebKit/537.36 (KHTML, like Gecko) Chrome/145.0.0.0 Safari/537.36"',
  level: 'http',
  timestamp: '2026-03-06 12:51:37'
}
{
  port: '5000',
  environment: 'development',
  timestamp: '2026-03-06 12:53:57',
  level: 'info',
  message: 'Servidor iniciado'
}
{
  port: '5000',
  environment: 'development',
  timestamp: '2026-03-06 12:54:03',
  level: 'info',
  message: 'Servidor iniciado'
}
{
  port: '5000',
  environment: 'development',
  timestamp: '2026-03-06 12:54:10',
  level: 'info',
  message: 'Servidor iniciado'
}
{
  port: '5000',
  environment: 'development',
  timestamp: '2026-03-06 12:54:30',
  level: 'info',
  message: 'Servidor iniciado'
}
{
  port: '5000',
  environment: 'development',
  timestamp: '2026-03-06 12:54:31',
  level: 'info',
  message: 'Servidor iniciado'
}
{
  message: '::1 - - [06/Mar/2026:17:55:16 +0000] "GET /api/auth/me HTTP/1.1" 304 - "http://localhost:5173/transacciones" "Mozilla/5.0 (Windows NT 10.0; Win64; x64) AppleWebKit/537.36 (KHTML, like Gecko) Chrome/145.0.0.0 Safari/537.36"',
  level: 'http',
  timestamp: '2026-03-06 12:55:16'
}
{
  message: '::1 - - [06/Mar/2026:17:55:16 +0000] "GET /api/auth/me HTTP/1.1" 304 - "http://localhost:5173/transacciones" "Mozilla/5.0 (Windows NT 10.0; Win64; x64) AppleWebKit/537.36 (KHTML, like Gecko) Chrome/145.0.0.0 Safari/537.36"',
  level: 'http',
  timestamp: '2026-03-06 12:55:16'
}
{
  message: '::1 - - [06/Mar/2026:17:55:17 +0000] "GET /api/transacciones HTTP/1.1" 200 1300 "http://localhost:5173/transacciones" "Mozilla/5.0 (Windows NT 10.0; Win64; x64) AppleWebKit/537.36 (KHTML, like Gecko) Chrome/145.0.0.0 Safari/537.36"',
  level: 'http',
  timestamp: '2026-03-06 12:55:17'
}
{
  message: '::1 - - [06/Mar/2026:17:55:17 +0000] "GET /api/transacciones HTTP/1.1" 304 - "http://localhost:5173/transacciones" "Mozilla/5.0 (Windows NT 10.0; Win64; x64) AppleWebKit/537.36 (KHTML, like Gecko) Chrome/145.0.0.0 Safari/537.36"',
  level: 'http',
  timestamp: '2026-03-06 12:55:17'
}
{
  message: '::1 - - [06/Mar/2026:17:55:27 +0000] "GET / HTTP/1.1" 200 416 "-" "Mozilla/5.0 (Windows NT; Windows NT 10.0; es-CO) WindowsPowerShell/5.1.19041.6456"',
  level: 'http',
  timestamp: '2026-03-06 12:55:27'
}
{
  message: '::1 - - [06/Mar/2026:17:55:27 +0000] "GET /api/transacciones HTTP/1.1" 401 85 "-" "Mozilla/5.0 (Windows NT; Windows NT 10.0; es-CO) WindowsPowerShell/5.1.19041.6456"',
  level: 'http',
  timestamp: '2026-03-06 12:55:27'
}
{
  message: '::1 - - [06/Mar/2026:17:55:27 +0000] "GET /api/auth/login HTTP/1.1" 404 153 "-" "Mozilla/5.0 (Windows NT; Windows NT 10.0; es-CO) WindowsPowerShell/5.1.19041.6456"',
  level: 'http',
  timestamp: '2026-03-06 12:55:27'
}
{
  message: '::1 - - [06/Mar/2026:17:55:27 +0000] "GET /api/transacciones HTTP/1.1" 401 85 "-" "Mozilla/5.0 (Windows NT; Windows NT 10.0; es-CO) WindowsPowerShell/5.1.19041.6456"',
  level: 'http',
  timestamp: '2026-03-06 12:55:27'
}
{
  message: '::1 - - [06/Mar/2026:17:55:27 +0000] "GET /api/transacciones/resumen HTTP/1.1" 401 85 "-" "Mozilla/5.0 (Windows NT; Windows NT 10.0; es-CO) WindowsPowerShell/5.1.19041.6456"',
  level: 'http',
  timestamp: '2026-03-06 12:55:27'
}
{
  port: '5000',
  environment: 'development',
  timestamp: '2026-03-06 12:56:36',
  level: 'info',
  message: 'Servidor iniciado'
}
{
  message: '::1 - - [06/Mar/2026:17:58:09 +0000] "GET /api/transacciones HTTP/1.1" 304 - "http://localhost:5173/transacciones" "Mozilla/5.0 (Windows NT 10.0; Win64; x64) AppleWebKit/537.36 (KHTML, like Gecko) Chrome/145.0.0.0 Safari/537.36"',
  level: 'http',
  timestamp: '2026-03-06 12:58:09'
}
{
  message: '::1 - - [06/Mar/2026:17:58:42 +0000] "GET /api/auth/me HTTP/1.1" 304 - "http://localhost:5173/transacciones" "Mozilla/5.0 (Windows NT 10.0; Win64; x64) AppleWebKit/537.36 (KHTML, like Gecko) Chrome/145.0.0.0 Safari/537.36"',
  level: 'http',
  timestamp: '2026-03-06 12:58:42'
}
{
  message: '::1 - - [06/Mar/2026:17:58:42 +0000] "GET /api/auth/me HTTP/1.1" 304 - "http://localhost:5173/transacciones" "Mozilla/5.0 (Windows NT 10.0; Win64; x64) AppleWebKit/537.36 (KHTML, like Gecko) Chrome/145.0.0.0 Safari/537.36"',
  level: 'http',
  timestamp: '2026-03-06 12:58:42'
}
{
  message: '::1 - - [06/Mar/2026:17:58:42 +0000] "GET /api/transacciones HTTP/1.1" 304 - "http://localhost:5173/transacciones" "Mozilla/5.0 (Windows NT 10.0; Win64; x64) AppleWebKit/537.36 (KHTML, like Gecko) Chrome/145.0.0.0 Safari/537.36"',
  level: 'http',
  timestamp: '2026-03-06 12:58:42'
}
{
  message: '::1 - - [06/Mar/2026:17:58:42 +0000] "GET /api/transacciones HTTP/1.1" 304 - "http://localhost:5173/transacciones" "Mozilla/5.0 (Windows NT 10.0; Win64; x64) AppleWebKit/537.36 (KHTML, like Gecko) Chrome/145.0.0.0 Safari/537.36"',
  level: 'http',
  timestamp: '2026-03-06 12:58:42'
}
{
  message: '::1 - - [06/Mar/2026:17:58:42 +0000] "GET /api/transacciones HTTP/1.1" 304 - "http://localhost:5173/transacciones" "Mozilla/5.0 (Windows NT 10.0; Win64; x64) AppleWebKit/537.36 (KHTML, like Gecko) Chrome/145.0.0.0 Safari/537.36"',
  level: 'http',
  timestamp: '2026-03-06 12:58:42'
}
{
  message: '::1 - - [06/Mar/2026:17:58:42 +0000] "GET /api/transacciones HTTP/1.1" 304 - "http://localhost:5173/transacciones" "Mozilla/5.0 (Windows NT 10.0; Win64; x64) AppleWebKit/537.36 (KHTML, like Gecko) Chrome/145.0.0.0 Safari/537.36"',
  level: 'http',
  timestamp: '2026-03-06 12:58:42'
}
{
  message: '::1 - - [06/Mar/2026:17:58:42 +0000] "GET /api/transacciones HTTP/1.1" 304 - "http://localhost:5173/transacciones" "Mozilla/5.0 (Windows NT 10.0; Win64; x64) AppleWebKit/537.36 (KHTML, like Gecko) Chrome/145.0.0.0 Safari/537.36"',
  level: 'http',
  timestamp: '2026-03-06 12:58:42'
}
{
  message: '::1 - - [06/Mar/2026:18:02:10 +0000] "GET /api/auth/me HTTP/1.1" 304 - "http://localhost:5173/transacciones" "Mozilla/5.0 (Windows NT 10.0; Win64; x64) AppleWebKit/537.36 (KHTML, like Gecko) Chrome/145.0.0.0 Safari/537.36"',
  level: 'http',
  timestamp: '2026-03-06 13:02:10'
}
{
  message: '::1 - - [06/Mar/2026:18:02:10 +0000] "GET /api/auth/me HTTP/1.1" 304 - "http://localhost:5173/transacciones" "Mozilla/5.0 (Windows NT 10.0; Win64; x64) AppleWebKit/537.36 (KHTML, like Gecko) Chrome/145.0.0.0 Safari/537.36"',
  level: 'http',
  timestamp: '2026-03-06 13:02:10'
}
{
  message: '::1 - - [06/Mar/2026:18:02:10 +0000] "GET /api/transacciones HTTP/1.1" 304 - "http://localhost:5173/transacciones" "Mozilla/5.0 (Windows NT 10.0; Win64; x64) AppleWebKit/537.36 (KHTML, like Gecko) Chrome/145.0.0.0 Safari/537.36"',
  level: 'http',
  timestamp: '2026-03-06 13:02:10'
}
{
  message: '::1 - - [06/Mar/2026:18:02:10 +0000] "GET /api/transacciones HTTP/1.1" 304 - "http://localhost:5173/transacciones" "Mozilla/5.0 (Windows NT 10.0; Win64; x64) AppleWebKit/537.36 (KHTML, like Gecko) Chrome/145.0.0.0 Safari/537.36"',
  level: 'http',
  timestamp: '2026-03-06 13:02:10'
}
{
  message: '::1 - - [06/Mar/2026:18:02:35 +0000] "GET /api/transacciones HTTP/1.1" 304 - "http://localhost:5173/transacciones" "Mozilla/5.0 (Windows NT 10.0; Win64; x64) AppleWebKit/537.36 (KHTML, like Gecko) Chrome/145.0.0.0 Safari/537.36"',
  level: 'http',
  timestamp: '2026-03-06 13:02:35'
}
{
  message: '::1 - - [06/Mar/2026:18:05:04 +0000] "GET /api/auth/me HTTP/1.1" 304 - "http://localhost:5173/reportes" "Mozilla/5.0 (Windows NT 10.0; Win64; x64) AppleWebKit/537.36 (KHTML, like Gecko) Chrome/145.0.0.0 Safari/537.36"',
  level: 'http',
  timestamp: '2026-03-06 13:05:04'
}
{
  message: '::1 - - [06/Mar/2026:18:05:04 +0000] "GET /api/auth/me HTTP/1.1" 304 - "http://localhost:5173/reportes" "Mozilla/5.0 (Windows NT 10.0; Win64; x64) AppleWebKit/537.36 (KHTML, like Gecko) Chrome/145.0.0.0 Safari/537.36"',
  level: 'http',
  timestamp: '2026-03-06 13:05:04'
}
{
  message: '::1 - - [06/Mar/2026:18:05:05 +0000] "GET /api/auth/me HTTP/1.1" 304 - "http://localhost:5173/reportes" "Mozilla/5.0 (Windows NT 10.0; Win64; x64) AppleWebKit/537.36 (KHTML, like Gecko) Chrome/145.0.0.0 Safari/537.36"',
  level: 'http',
  timestamp: '2026-03-06 13:05:05'
}
{
  message: '::1 - - [06/Mar/2026:18:05:05 +0000] "GET /api/auth/me HTTP/1.1" 304 - "http://localhost:5173/reportes" "Mozilla/5.0 (Windows NT 10.0; Win64; x64) AppleWebKit/537.36 (KHTML, like Gecko) Chrome/145.0.0.0 Safari/537.36"',
  level: 'http',
  timestamp: '2026-03-06 13:05:05'
}
{
  message: '::1 - - [06/Mar/2026:18:05:06 +0000] "GET /api/auth/me HTTP/1.1" 304 - "http://localhost:5173/reportes" "Mozilla/5.0 (Windows NT 10.0; Win64; x64) AppleWebKit/537.36 (KHTML, like Gecko) Chrome/145.0.0.0 Safari/537.36"',
  level: 'http',
  timestamp: '2026-03-06 13:05:06'
}
{
  message: '::1 - - [06/Mar/2026:18:05:06 +0000] "GET /api/auth/me HTTP/1.1" 304 - "http://localhost:5173/reportes" "Mozilla/5.0 (Windows NT 10.0; Win64; x64) AppleWebKit/537.36 (KHTML, like Gecko) Chrome/145.0.0.0 Safari/537.36"',
  level: 'http',
  timestamp: '2026-03-06 13:05:06'
}
{
  message: '::1 - - [06/Mar/2026:18:05:06 +0000] "GET /api/auth/me HTTP/1.1" 304 - "http://localhost:5173/reportes" "Mozilla/5.0 (Windows NT 10.0; Win64; x64) AppleWebKit/537.36 (KHTML, like Gecko) Chrome/145.0.0.0 Safari/537.36"',
  level: 'http',
  timestamp: '2026-03-06 13:05:06'
}
{
  message: '::1 - - [06/Mar/2026:18:05:06 +0000] "GET /api/auth/me HTTP/1.1" 304 - "http://localhost:5173/reportes" "Mozilla/5.0 (Windows NT 10.0; Win64; x64) AppleWebKit/537.36 (KHTML, like Gecko) Chrome/145.0.0.0 Safari/537.36"',
  level: 'http',
  timestamp: '2026-03-06 13:05:06'
}
{
  message: '::1 - - [06/Mar/2026:18:05:07 +0000] "GET /api/auth/me HTTP/1.1" 304 - "http://localhost:5173/reportes" "Mozilla/5.0 (Windows NT 10.0; Win64; x64) AppleWebKit/537.36 (KHTML, like Gecko) Chrome/145.0.0.0 Safari/537.36"',
  level: 'http',
  timestamp: '2026-03-06 13:05:07'
}
{
  message: '::1 - - [06/Mar/2026:18:05:07 +0000] "GET /api/auth/me HTTP/1.1" 200 312 "http://localhost:5173/reportes" "Mozilla/5.0 (Windows NT 10.0; Win64; x64) AppleWebKit/537.36 (KHTML, like Gecko) Chrome/145.0.0.0 Safari/537.36"',
  level: 'http',
  timestamp: '2026-03-06 13:05:07'
}
{
  message: '::1 - - [06/Mar/2026:18:05:07 +0000] "GET /api/auth/me HTTP/1.1" 304 - "http://localhost:5173/reportes" "Mozilla/5.0 (Windows NT 10.0; Win64; x64) AppleWebKit/537.36 (KHTML, like Gecko) Chrome/145.0.0.0 Safari/537.36"',
  level: 'http',
  timestamp: '2026-03-06 13:05:07'
}
{
  port: '5000',
  environment: 'development',
  timestamp: '2026-03-06 13:05:08',
  level: 'info',
  message: 'Servidor iniciado'
}
{
  message: '::1 - - [06/Mar/2026:18:05:09 +0000] "GET /api/transacciones HTTP/1.1" 304 - "http://localhost:5173/transacciones" "Mozilla/5.0 (Windows NT 10.0; Win64; x64) AppleWebKit/537.36 (KHTML, like Gecko) Chrome/145.0.0.0 Safari/537.36"',
  level: 'http',
  timestamp: '2026-03-06 13:05:09'
}
{
  message: '::1 - - [06/Mar/2026:18:05:09 +0000] "GET /api/transacciones HTTP/1.1" 304 - "http://localhost:5173/transacciones" "Mozilla/5.0 (Windows NT 10.0; Win64; x64) AppleWebKit/537.36 (KHTML, like Gecko) Chrome/145.0.0.0 Safari/537.36"',
  level: 'http',
  timestamp: '2026-03-06 13:05:09'
}
{
  message: '::1 - - [06/Mar/2026:18:05:09 +0000] "GET /api/auth/me HTTP/1.1" 304 - "http://localhost:5173/transacciones" "Mozilla/5.0 (Windows NT 10.0; Win64; x64) AppleWebKit/537.36 (KHTML, like Gecko) Chrome/145.0.0.0 Safari/537.36"',
  level: 'http',
  timestamp: '2026-03-06 13:05:09'
}
{
  message: '::1 - - [06/Mar/2026:18:05:09 +0000] "GET /api/auth/me HTTP/1.1" 304 - "http://localhost:5173/transacciones" "Mozilla/5.0 (Windows NT 10.0; Win64; x64) AppleWebKit/537.36 (KHTML, like Gecko) Chrome/145.0.0.0 Safari/537.36"',
  level: 'http',
  timestamp: '2026-03-06 13:05:09'
}
{
  message: '::1 - - [06/Mar/2026:18:05:09 +0000] "GET /api/transacciones HTTP/1.1" 304 - "http://localhost:5173/transacciones" "Mozilla/5.0 (Windows NT 10.0; Win64; x64) AppleWebKit/537.36 (KHTML, like Gecko) Chrome/145.0.0.0 Safari/537.36"',
  level: 'http',
  timestamp: '2026-03-06 13:05:09'
}
{
  message: '::1 - - [06/Mar/2026:18:05:09 +0000] "GET /api/transacciones HTTP/1.1" 304 - "http://localhost:5173/transacciones" "Mozilla/5.0 (Windows NT 10.0; Win64; x64) AppleWebKit/537.36 (KHTML, like Gecko) Chrome/145.0.0.0 Safari/537.36"',
  level: 'http',
  timestamp: '2026-03-06 13:05:09'
}
{
  message: '::1 - - [06/Mar/2026:18:05:10 +0000] "GET /api/auth/me HTTP/1.1" 304 - "http://localhost:5173/transacciones" "Mozilla/5.0 (Windows NT 10.0; Win64; x64) AppleWebKit/537.36 (KHTML, like Gecko) Chrome/145.0.0.0 Safari/537.36"',
  level: 'http',
  timestamp: '2026-03-06 13:05:10'
}
{
  message: '::1 - - [06/Mar/2026:18:05:10 +0000] "GET /api/auth/me HTTP/1.1" 304 - "http://localhost:5173/transacciones" "Mozilla/5.0 (Windows NT 10.0; Win64; x64) AppleWebKit/537.36 (KHTML, like Gecko) Chrome/145.0.0.0 Safari/537.36"',
  level: 'http',
  timestamp: '2026-03-06 13:05:10'
}
{
  message: '::1 - - [06/Mar/2026:18:05:10 +0000] "GET /api/transacciones HTTP/1.1" 304 - "http://localhost:5173/transacciones" "Mozilla/5.0 (Windows NT 10.0; Win64; x64) AppleWebKit/537.36 (KHTML, like Gecko) Chrome/145.0.0.0 Safari/537.36"',
  level: 'http',
  timestamp: '2026-03-06 13:05:10'
}
{
  message: '::1 - - [06/Mar/2026:18:05:10 +0000] "GET /api/transacciones HTTP/1.1" 304 - "http://localhost:5173/transacciones" "Mozilla/5.0 (Windows NT 10.0; Win64; x64) AppleWebKit/537.36 (KHTML, like Gecko) Chrome/145.0.0.0 Safari/537.36"',
  level: 'http',
  timestamp: '2026-03-06 13:05:10'
}
{
  message: '::1 - - [06/Mar/2026:18:05:10 +0000] "GET /api/auth/me HTTP/1.1" 304 - "http://localhost:5173/transacciones" "Mozilla/5.0 (Windows NT 10.0; Win64; x64) AppleWebKit/537.36 (KHTML, like Gecko) Chrome/145.0.0.0 Safari/537.36"',
  level: 'http',
  timestamp: '2026-03-06 13:05:10'
}
{
  message: '::1 - - [06/Mar/2026:18:05:10 +0000] "GET /api/auth/me HTTP/1.1" 304 - "http://localhost:5173/transacciones" "Mozilla/5.0 (Windows NT 10.0; Win64; x64) AppleWebKit/537.36 (KHTML, like Gecko) Chrome/145.0.0.0 Safari/537.36"',
  level: 'http',
  timestamp: '2026-03-06 13:05:10'
}
{
  message: '::1 - - [06/Mar/2026:18:05:10 +0000] "GET /api/transacciones HTTP/1.1" 304 - "http://localhost:5173/transacciones" "Mozilla/5.0 (Windows NT 10.0; Win64; x64) AppleWebKit/537.36 (KHTML, like Gecko) Chrome/145.0.0.0 Safari/537.36"',
  level: 'http',
  timestamp: '2026-03-06 13:05:10'
}
{
  message: '::1 - - [06/Mar/2026:18:05:10 +0000] "GET /api/transacciones HTTP/1.1" 304 - "http://localhost:5173/transacciones" "Mozilla/5.0 (Windows NT 10.0; Win64; x64) AppleWebKit/537.36 (KHTML, like Gecko) Chrome/145.0.0.0 Safari/537.36"',
  level: 'http',
  timestamp: '2026-03-06 13:05:10'
}
{
  port: '5000',
  environment: 'development',
  timestamp: '2026-03-06 13:06:15',
  level: 'info',
  message: 'Servidor iniciado'
}
{
  port: '5000',
  environment: 'development',
  timestamp: '2026-03-06 13:06:25',
  level: 'info',
  message: 'Servidor iniciado'
}
{
  message: '::1 - - [06/Mar/2026:18:06:39 +0000] "GET /api/auth/me HTTP/1.1" 304 - "http://localhost:5173/transacciones" "Mozilla/5.0 (Windows NT 10.0; Win64; x64) AppleWebKit/537.36 (KHTML, like Gecko) Chrome/145.0.0.0 Safari/537.36"',
  level: 'http',
  timestamp: '2026-03-06 13:06:39'
}
{
  message: '::1 - - [06/Mar/2026:18:06:39 +0000] "GET /api/auth/me HTTP/1.1" 304 - "http://localhost:5173/transacciones" "Mozilla/5.0 (Windows NT 10.0; Win64; x64) AppleWebKit/537.36 (KHTML, like Gecko) Chrome/145.0.0.0 Safari/537.36"',
  level: 'http',
  timestamp: '2026-03-06 13:06:39'
}
{
  message: '::1 - - [06/Mar/2026:18:06:39 +0000] "GET /api/transacciones HTTP/1.1" 304 - "http://localhost:5173/transacciones" "Mozilla/5.0 (Windows NT 10.0; Win64; x64) AppleWebKit/537.36 (KHTML, like Gecko) Chrome/145.0.0.0 Safari/537.36"',
  level: 'http',
  timestamp: '2026-03-06 13:06:39'
}
{
  message: '::1 - - [06/Mar/2026:18:06:39 +0000] "GET /api/transacciones HTTP/1.1" 304 - "http://localhost:5173/transacciones" "Mozilla/5.0 (Windows NT 10.0; Win64; x64) AppleWebKit/537.36 (KHTML, like Gecko) Chrome/145.0.0.0 Safari/537.36"',
  level: 'http',
  timestamp: '2026-03-06 13:06:39'
}
{
  port: '5000',
  environment: 'development',
  timestamp: '2026-03-06 13:07:20',
  level: 'info',
  message: 'Servidor iniciado'
}
{
  port: '5000',
  environment: 'development',
  timestamp: '2026-03-06 13:07:26',
  level: 'info',
  message: 'Servidor iniciado'
}
{
  port: '5000',
  environment: 'development',
  timestamp: '2026-03-06 13:07:31',
  level: 'info',
  message: 'Servidor iniciado'
}
{
  securityEvent: 'LOGIN_ATTEMPT_INVALID_EMAIL',
  timestamp: '2026-03-06 13:07:36',
  email: 'admin@admin.com',
  ip: '::1',
  userAgent: 'Mozilla/5.0 (Windows NT 10.0; Win64; x64) AppleWebKit/537.36 (KHTML, like Gecko) Chrome/145.0.0.0 Safari/537.36',
  level: 'warn',
  message: 'Security Event'
}
{
  error: {
    message: 'Email o contraseña incorrectos',
    stack: 'Error: Email o contraseña incorrectos\n' +
      '    at C:\\Users\\jamiranda\\Desktop\\proyectos\\gestor-finanzas\\backend\\controllers\\auth.controller.js:95:17',
    code: 'AUTHENTICATION_ERROR',
    statusCode: 401
  },
  type: 'HandledError',
  environment: 'development',
  request: {
    method: 'POST',
    url: '/api/auth/login',
    ip: '::1',
    userAgent: 'Mozilla/5.0 (Windows NT 10.0; Win64; x64) AppleWebKit/537.36 (KHTML, like Gecko) Chrome/145.0.0.0 Safari/537.36',
    userId: null
  },
  level: 'error',
  message: 'Application Error',
  timestamp: '2026-03-06 13:07:36'
}
{
  message: '::1 - - [06/Mar/2026:18:07:36 +0000] "POST /api/auth/login HTTP/1.1" 401 323 "http://localhost:5173/login" "Mozilla/5.0 (Windows NT 10.0; Win64; x64) AppleWebKit/537.36 (KHTML, like Gecko) Chrome/145.0.0.0 Safari/537.36"',
  level: 'http',
  timestamp: '2026-03-06 13:07:37'
}
{
  port: '5000',
  environment: 'development',
  timestamp: '2026-03-06 13:07:50',
  level: 'info',
  message: 'Servidor iniciado'
}
{
  action: 'USER_LOGIN',
  userId: 2,
  timestamp: '2026-03-06 13:09:06',
  email: 'admin@gestor-finanzas.com',
  ip: '::1',
  userAgent: 'Mozilla/5.0 (Windows NT 10.0; Win64; x64) AppleWebKit/537.36 (KHTML, like Gecko) Chrome/145.0.0.0 Safari/537.36',
  lastAccess: null,
  level: 'info',
  message: 'User Action'
}
{
  message: '::1 - - [06/Mar/2026:18:09:06 +0000] "POST /api/auth/login HTTP/1.1" 200 442 "http://localhost:5173/login" "Mozilla/5.0 (Windows NT 10.0; Win64; x64) AppleWebKit/537.36 (KHTML, like Gecko) Chrome/145.0.0.0 Safari/537.36"',
  level: 'http',
  timestamp: '2026-03-06 13:09:06'
}
{
  message: '::1 - - [06/Mar/2026:18:09:06 +0000] "GET /api/transacciones/resumen HTTP/1.1" 304 - "http://localhost:5173/dashboard" "Mozilla/5.0 (Windows NT 10.0; Win64; x64) AppleWebKit/537.36 (KHTML, like Gecko) Chrome/145.0.0.0 Safari/537.36"',
  level: 'http',
  timestamp: '2026-03-06 13:09:06'
}
{
  message: '::1 - - [06/Mar/2026:18:09:06 +0000] "GET /api/transacciones/resumen HTTP/1.1" 304 - "http://localhost:5173/dashboard" "Mozilla/5.0 (Windows NT 10.0; Win64; x64) AppleWebKit/537.36 (KHTML, like Gecko) Chrome/145.0.0.0 Safari/537.36"',
  level: 'http',
  timestamp: '2026-03-06 13:09:06'
}
{
  message: '::1 - - [06/Mar/2026:18:09:06 +0000] "GET /api/transacciones?limit=5 HTTP/1.1" 304 - "http://localhost:5173/dashboard" "Mozilla/5.0 (Windows NT 10.0; Win64; x64) AppleWebKit/537.36 (KHTML, like Gecko) Chrome/145.0.0.0 Safari/537.36"',
  level: 'http',
  timestamp: '2026-03-06 13:09:06'
}
{
  message: '::1 - - [06/Mar/2026:18:09:06 +0000] "GET /api/transacciones?limit=5 HTTP/1.1" 304 - "http://localhost:5173/dashboard" "Mozilla/5.0 (Windows NT 10.0; Win64; x64) AppleWebKit/537.36 (KHTML, like Gecko) Chrome/145.0.0.0 Safari/537.36"',
  level: 'http',
  timestamp: '2026-03-06 13:09:06'
}
{
  message: '::1 - - [06/Mar/2026:18:09:09 +0000] "GET /api/transacciones HTTP/1.1" 200 153 "http://localhost:5173/transacciones" "Mozilla/5.0 (Windows NT 10.0; Win64; x64) AppleWebKit/537.36 (KHTML, like Gecko) Chrome/145.0.0.0 Safari/537.36"',
  level: 'http',
  timestamp: '2026-03-06 13:09:09'
}
{
  message: '::1 - - [06/Mar/2026:18:09:09 +0000] "GET /api/transacciones HTTP/1.1" 304 - "http://localhost:5173/transacciones" "Mozilla/5.0 (Windows NT 10.0; Win64; x64) AppleWebKit/537.36 (KHTML, like Gecko) Chrome/145.0.0.0 Safari/537.36"',
  level: 'http',
  timestamp: '2026-03-06 13:09:09'
}
{
  message: '::1 - - [06/Mar/2026:18:09:13 +0000] "GET /api/transacciones/resumen HTTP/1.1" 304 - "http://localhost:5173/dashboard" "Mozilla/5.0 (Windows NT 10.0; Win64; x64) AppleWebKit/537.36 (KHTML, like Gecko) Chrome/145.0.0.0 Safari/537.36"',
  level: 'http',
  timestamp: '2026-03-06 13:09:13'
}
{
  message: '::1 - - [06/Mar/2026:18:09:13 +0000] "GET /api/transacciones?limit=5 HTTP/1.1" 304 - "http://localhost:5173/dashboard" "Mozilla/5.0 (Windows NT 10.0; Win64; x64) AppleWebKit/537.36 (KHTML, like Gecko) Chrome/145.0.0.0 Safari/537.36"',
  level: 'http',
  timestamp: '2026-03-06 13:09:13'
}
{
  message: '::1 - - [06/Mar/2026:18:09:13 +0000] "GET /api/transacciones/resumen HTTP/1.1" 304 - "http://localhost:5173/dashboard" "Mozilla/5.0 (Windows NT 10.0; Win64; x64) AppleWebKit/537.36 (KHTML, like Gecko) Chrome/145.0.0.0 Safari/537.36"',
  level: 'http',
  timestamp: '2026-03-06 13:09:13'
}
{
  message: '::1 - - [06/Mar/2026:18:09:13 +0000] "GET /api/transacciones?limit=5 HTTP/1.1" 304 - "http://localhost:5173/dashboard" "Mozilla/5.0 (Windows NT 10.0; Win64; x64) AppleWebKit/537.36 (KHTML, like Gecko) Chrome/145.0.0.0 Safari/537.36"',
  level: 'http',
  timestamp: '2026-03-06 13:09:13'
}
{
  message: '::1 - - [06/Mar/2026:18:09:16 +0000] "GET /api/transacciones HTTP/1.1" 304 - "http://localhost:5173/transacciones" "Mozilla/5.0 (Windows NT 10.0; Win64; x64) AppleWebKit/537.36 (KHTML, like Gecko) Chrome/145.0.0.0 Safari/537.36"',
  level: 'http',
  timestamp: '2026-03-06 13:09:16'
}
{
  message: '::1 - - [06/Mar/2026:18:09:16 +0000] "GET /api/transacciones HTTP/1.1" 304 - "http://localhost:5173/transacciones" "Mozilla/5.0 (Windows NT 10.0; Win64; x64) AppleWebKit/537.36 (KHTML, like Gecko) Chrome/145.0.0.0 Safari/537.36"',
  level: 'http',
  timestamp: '2026-03-06 13:09:16'
}
{
  message: '::1 - - [06/Mar/2026:18:09:17 +0000] "GET /api/transacciones/resumen HTTP/1.1" 304 - "http://localhost:5173/dashboard" "Mozilla/5.0 (Windows NT 10.0; Win64; x64) AppleWebKit/537.36 (KHTML, like Gecko) Chrome/145.0.0.0 Safari/537.36"',
  level: 'http',
  timestamp: '2026-03-06 13:09:17'
}
{
  message: '::1 - - [06/Mar/2026:18:09:17 +0000] "GET /api/transacciones?limit=5 HTTP/1.1" 304 - "http://localhost:5173/dashboard" "Mozilla/5.0 (Windows NT 10.0; Win64; x64) AppleWebKit/537.36 (KHTML, like Gecko) Chrome/145.0.0.0 Safari/537.36"',
  level: 'http',
  timestamp: '2026-03-06 13:09:17'
}
{
  message: '::1 - - [06/Mar/2026:18:09:17 +0000] "GET /api/transacciones/resumen HTTP/1.1" 304 - "http://localhost:5173/dashboard" "Mozilla/5.0 (Windows NT 10.0; Win64; x64) AppleWebKit/537.36 (KHTML, like Gecko) Chrome/145.0.0.0 Safari/537.36"',
  level: 'http',
  timestamp: '2026-03-06 13:09:17'
}
{
  message: '::1 - - [06/Mar/2026:18:09:17 +0000] "GET /api/transacciones?limit=5 HTTP/1.1" 304 - "http://localhost:5173/dashboard" "Mozilla/5.0 (Windows NT 10.0; Win64; x64) AppleWebKit/537.36 (KHTML, like Gecko) Chrome/145.0.0.0 Safari/537.36"',
  level: 'http',
  timestamp: '2026-03-06 13:09:17'
}
{
  message: '::1 - - [06/Mar/2026:18:09:17 +0000] "GET /api/transacciones HTTP/1.1" 304 - "http://localhost:5173/transacciones" "Mozilla/5.0 (Windows NT 10.0; Win64; x64) AppleWebKit/537.36 (KHTML, like Gecko) Chrome/145.0.0.0 Safari/537.36"',
  level: 'http',
  timestamp: '2026-03-06 13:09:17'
}
{
  message: '::1 - - [06/Mar/2026:18:09:17 +0000] "GET /api/transacciones HTTP/1.1" 304 - "http://localhost:5173/transacciones" "Mozilla/5.0 (Windows NT 10.0; Win64; x64) AppleWebKit/537.36 (KHTML, like Gecko) Chrome/145.0.0.0 Safari/537.36"',
  level: 'http',
  timestamp: '2026-03-06 13:09:17'
}
{
  message: '::1 - - [06/Mar/2026:18:09:17 +0000] "GET /api/transacciones/resumen HTTP/1.1" 304 - "http://localhost:5173/dashboard" "Mozilla/5.0 (Windows NT 10.0; Win64; x64) AppleWebKit/537.36 (KHTML, like Gecko) Chrome/145.0.0.0 Safari/537.36"',
  level: 'http',
  timestamp: '2026-03-06 13:09:17'
}
{
  message: '::1 - - [06/Mar/2026:18:09:17 +0000] "GET /api/transacciones?limit=5 HTTP/1.1" 304 - "http://localhost:5173/dashboard" "Mozilla/5.0 (Windows NT 10.0; Win64; x64) AppleWebKit/537.36 (KHTML, like Gecko) Chrome/145.0.0.0 Safari/537.36"',
  level: 'http',
  timestamp: '2026-03-06 13:09:17'
}
{
  message: '::1 - - [06/Mar/2026:18:09:17 +0000] "GET /api/transacciones/resumen HTTP/1.1" 304 - "http://localhost:5173/dashboard" "Mozilla/5.0 (Windows NT 10.0; Win64; x64) AppleWebKit/537.36 (KHTML, like Gecko) Chrome/145.0.0.0 Safari/537.36"',
  level: 'http',
  timestamp: '2026-03-06 13:09:17'
}
{
  message: '::1 - - [06/Mar/2026:18:09:17 +0000] "GET /api/transacciones?limit=5 HTTP/1.1" 304 - "http://localhost:5173/dashboard" "Mozilla/5.0 (Windows NT 10.0; Win64; x64) AppleWebKit/537.36 (KHTML, like Gecko) Chrome/145.0.0.0 Safari/537.36"',
  level: 'http',
  timestamp: '2026-03-06 13:09:17'
}
{
  message: '::1 - - [06/Mar/2026:18:09:18 +0000] "GET /api/transacciones HTTP/1.1" 304 - "http://localhost:5173/transacciones" "Mozilla/5.0 (Windows NT 10.0; Win64; x64) AppleWebKit/537.36 (KHTML, like Gecko) Chrome/145.0.0.0 Safari/537.36"',
  level: 'http',
  timestamp: '2026-03-06 13:09:18'
}
{
  message: '::1 - - [06/Mar/2026:18:09:18 +0000] "GET /api/transacciones HTTP/1.1" 304 - "http://localhost:5173/transacciones" "Mozilla/5.0 (Windows NT 10.0; Win64; x64) AppleWebKit/537.36 (KHTML, like Gecko) Chrome/145.0.0.0 Safari/537.36"',
  level: 'http',
  timestamp: '2026-03-06 13:09:18'
}
{
  message: '::1 - - [06/Mar/2026:18:09:18 +0000] "GET /api/transacciones/resumen HTTP/1.1" 304 - "http://localhost:5173/dashboard" "Mozilla/5.0 (Windows NT 10.0; Win64; x64) AppleWebKit/537.36 (KHTML, like Gecko) Chrome/145.0.0.0 Safari/537.36"',
  level: 'http',
  timestamp: '2026-03-06 13:09:18'
}
{
  message: '::1 - - [06/Mar/2026:18:09:18 +0000] "GET /api/transacciones?limit=5 HTTP/1.1" 304 - "http://localhost:5173/dashboard" "Mozilla/5.0 (Windows NT 10.0; Win64; x64) AppleWebKit/537.36 (KHTML, like Gecko) Chrome/145.0.0.0 Safari/537.36"',
  level: 'http',
  timestamp: '2026-03-06 13:09:18'
}
{
  message: '::1 - - [06/Mar/2026:18:09:18 +0000] "GET /api/transacciones/resumen HTTP/1.1" 304 - "http://localhost:5173/dashboard" "Mozilla/5.0 (Windows NT 10.0; Win64; x64) AppleWebKit/537.36 (KHTML, like Gecko) Chrome/145.0.0.0 Safari/537.36"',
  level: 'http',
  timestamp: '2026-03-06 13:09:18'
}
{
  message: '::1 - - [06/Mar/2026:18:09:18 +0000] "GET /api/transacciones?limit=5 HTTP/1.1" 304 - "http://localhost:5173/dashboard" "Mozilla/5.0 (Windows NT 10.0; Win64; x64) AppleWebKit/537.36 (KHTML, like Gecko) Chrome/145.0.0.0 Safari/537.36"',
  level: 'http',
  timestamp: '2026-03-06 13:09:18'
}
{
  message: '::1 - - [06/Mar/2026:18:09:19 +0000] "GET /api/transacciones HTTP/1.1" 304 - "http://localhost:5173/transacciones" "Mozilla/5.0 (Windows NT 10.0; Win64; x64) AppleWebKit/537.36 (KHTML, like Gecko) Chrome/145.0.0.0 Safari/537.36"',
  level: 'http',
  timestamp: '2026-03-06 13:09:19'
}
{
  message: '::1 - - [06/Mar/2026:18:09:19 +0000] "GET /api/transacciones HTTP/1.1" 304 - "http://localhost:5173/transacciones" "Mozilla/5.0 (Windows NT 10.0; Win64; x64) AppleWebKit/537.36 (KHTML, like Gecko) Chrome/145.0.0.0 Safari/537.36"',
  level: 'http',
  timestamp: '2026-03-06 13:09:19'
}
{
  message: '::1 - - [06/Mar/2026:18:09:19 +0000] "GET /api/transacciones/resumen HTTP/1.1" 304 - "http://localhost:5173/dashboard" "Mozilla/5.0 (Windows NT 10.0; Win64; x64) AppleWebKit/537.36 (KHTML, like Gecko) Chrome/145.0.0.0 Safari/537.36"',
  level: 'http',
  timestamp: '2026-03-06 13:09:19'
}
{
  message: '::1 - - [06/Mar/2026:18:09:19 +0000] "GET /api/transacciones?limit=5 HTTP/1.1" 304 - "http://localhost:5173/dashboard" "Mozilla/5.0 (Windows NT 10.0; Win64; x64) AppleWebKit/537.36 (KHTML, like Gecko) Chrome/145.0.0.0 Safari/537.36"',
  level: 'http',
  timestamp: '2026-03-06 13:09:19'
}
{
  message: '::1 - - [06/Mar/2026:18:09:19 +0000] "GET /api/transacciones/resumen HTTP/1.1" 304 - "http://localhost:5173/dashboard" "Mozilla/5.0 (Windows NT 10.0; Win64; x64) AppleWebKit/537.36 (KHTML, like Gecko) Chrome/145.0.0.0 Safari/537.36"',
  level: 'http',
  timestamp: '2026-03-06 13:09:19'
}
{
  message: '::1 - - [06/Mar/2026:18:09:19 +0000] "GET /api/transacciones?limit=5 HTTP/1.1" 304 - "http://localhost:5173/dashboard" "Mozilla/5.0 (Windows NT 10.0; Win64; x64) AppleWebKit/537.36 (KHTML, like Gecko) Chrome/145.0.0.0 Safari/537.36"',
  level: 'http',
  timestamp: '2026-03-06 13:09:19'
}
{
  message: '::1 - - [06/Mar/2026:18:09:19 +0000] "GET /api/transacciones HTTP/1.1" 304 - "http://localhost:5173/transacciones" "Mozilla/5.0 (Windows NT 10.0; Win64; x64) AppleWebKit/537.36 (KHTML, like Gecko) Chrome/145.0.0.0 Safari/537.36"',
  level: 'http',
  timestamp: '2026-03-06 13:09:19'
}
{
  message: '::1 - - [06/Mar/2026:18:09:19 +0000] "GET /api/transacciones HTTP/1.1" 304 - "http://localhost:5173/transacciones" "Mozilla/5.0 (Windows NT 10.0; Win64; x64) AppleWebKit/537.36 (KHTML, like Gecko) Chrome/145.0.0.0 Safari/537.36"',
  level: 'http',
  timestamp: '2026-03-06 13:09:19'
}
{
  message: '::1 - - [06/Mar/2026:18:09:20 +0000] "GET /api/transacciones/resumen HTTP/1.1" 304 - "http://localhost:5173/dashboard" "Mozilla/5.0 (Windows NT 10.0; Win64; x64) AppleWebKit/537.36 (KHTML, like Gecko) Chrome/145.0.0.0 Safari/537.36"',
  level: 'http',
  timestamp: '2026-03-06 13:09:20'
}
{
  message: '::1 - - [06/Mar/2026:18:09:20 +0000] "GET /api/transacciones?limit=5 HTTP/1.1" 304 - "http://localhost:5173/dashboard" "Mozilla/5.0 (Windows NT 10.0; Win64; x64) AppleWebKit/537.36 (KHTML, like Gecko) Chrome/145.0.0.0 Safari/537.36"',
  level: 'http',
  timestamp: '2026-03-06 13:09:20'
}
{
  message: '::1 - - [06/Mar/2026:18:09:20 +0000] "GET /api/transacciones/resumen HTTP/1.1" 304 - "http://localhost:5173/dashboard" "Mozilla/5.0 (Windows NT 10.0; Win64; x64) AppleWebKit/537.36 (KHTML, like Gecko) Chrome/145.0.0.0 Safari/537.36"',
  level: 'http',
  timestamp: '2026-03-06 13:09:20'
}
{
  message: '::1 - - [06/Mar/2026:18:09:20 +0000] "GET /api/transacciones?limit=5 HTTP/1.1" 304 - "http://localhost:5173/dashboard" "Mozilla/5.0 (Windows NT 10.0; Win64; x64) AppleWebKit/537.36 (KHTML, like Gecko) Chrome/145.0.0.0 Safari/537.36"',
  level: 'http',
  timestamp: '2026-03-06 13:09:20'
}
{
  port: '5000',
  environment: 'development',
  timestamp: '2026-03-06 13:10:15',
  level: 'info',
  message: 'Servidor iniciado'
}
{
  port: '5000',
  environment: 'development',
  timestamp: '2026-03-06 13:11:00',
  level: 'info',
  message: 'Servidor iniciado'
}
{
  port: '5000',
  environment: 'development',
  timestamp: '2026-03-06 13:11:14',
  level: 'info',
  message: 'Servidor iniciado'
}
{
  port: '5000',
  environment: 'development',
  timestamp: '2026-03-06 13:11:42',
  level: 'info',
  message: 'Servidor iniciado'
}
{
  action: 'USER_LOGIN',
  userId: 2,
  timestamp: '2026-03-06 13:12:03',
  email: 'admin@gestor-finanzas.com',
  ip: '::1',
  userAgent: 'Mozilla/5.0 (Windows NT 10.0; Win64; x64) AppleWebKit/537.36 (KHTML, like Gecko) Chrome/145.0.0.0 Safari/537.36',
  lastAccess: 2026-03-06T18:09:06.410Z,
  level: 'info',
  message: 'User Action'
}
{
  message: '::1 - - [06/Mar/2026:18:12:03 +0000] "POST /api/auth/login HTTP/1.1" 200 464 "http://localhost:5173/login" "Mozilla/5.0 (Windows NT 10.0; Win64; x64) AppleWebKit/537.36 (KHTML, like Gecko) Chrome/145.0.0.0 Safari/537.36"',
  level: 'http',
  timestamp: '2026-03-06 13:12:03'
}
{
  message: '::1 - - [06/Mar/2026:18:12:03 +0000] "GET /api/transacciones/resumen HTTP/1.1" 304 - "http://localhost:5173/dashboard" "Mozilla/5.0 (Windows NT 10.0; Win64; x64) AppleWebKit/537.36 (KHTML, like Gecko) Chrome/145.0.0.0 Safari/537.36"',
  level: 'http',
  timestamp: '2026-03-06 13:12:03'
}
{
  message: '::1 - - [06/Mar/2026:18:12:03 +0000] "GET /api/transacciones?limit=5 HTTP/1.1" 304 - "http://localhost:5173/dashboard" "Mozilla/5.0 (Windows NT 10.0; Win64; x64) AppleWebKit/537.36 (KHTML, like Gecko) Chrome/145.0.0.0 Safari/537.36"',
  level: 'http',
  timestamp: '2026-03-06 13:12:03'
}
{
  message: '::1 - - [06/Mar/2026:18:12:03 +0000] "GET /api/transacciones/resumen HTTP/1.1" 304 - "http://localhost:5173/dashboard" "Mozilla/5.0 (Windows NT 10.0; Win64; x64) AppleWebKit/537.36 (KHTML, like Gecko) Chrome/145.0.0.0 Safari/537.36"',
  level: 'http',
  timestamp: '2026-03-06 13:12:03'
}
{
  message: '::1 - - [06/Mar/2026:18:12:03 +0000] "GET /api/transacciones?limit=5 HTTP/1.1" 304 - "http://localhost:5173/dashboard" "Mozilla/5.0 (Windows NT 10.0; Win64; x64) AppleWebKit/537.36 (KHTML, like Gecko) Chrome/145.0.0.0 Safari/537.36"',
  level: 'http',
  timestamp: '2026-03-06 13:12:03'
}
{
  port: '5000',
  environment: 'development',
  timestamp: '2026-03-06 13:13:52',
  level: 'info',
  message: 'Servidor iniciado'
}
{
  port: '5000',
  environment: 'development',
  timestamp: '2026-03-06 13:13:52',
  level: 'info',
  message: 'Servidor iniciado'
}
{
  port: '5000',
  environment: 'development',
  timestamp: '2026-03-06 13:13:52',
  level: 'info',
  message: 'Servidor iniciado'
}
