{
  error: {
    message: 'Email o contraseña incorrectos',
    stack: 'Error: Email o contraseña incorrectos\n' +
      '    at C:\\Users\\jamiranda\\Desktop\\proyectos\\gestor-finanzas\\backend\\controllers\\auth.controller.js:95:17',
    code: 'AUTHENTICATION_ERROR',
    statusCode: 401
  },
  type: 'HandledError',
  environment: 'development',
  request: {
    method: 'POST',
    url: '/api/auth/login',
    ip: '::1',
    userAgent: 'Mozilla/5.0 (Windows NT 10.0; Win64; x64) AppleWebKit/537.36 (KHTML, like Gecko) Chrome/145.0.0.0 Safari/537.36',
    userId: null
  },
  level: 'error',
  message: 'Application Error',
  timestamp: '2026-03-06 13:07:36'
}
